Component: ARM Compiler 5.05 update 1 (build 106) Tool: armlink [4d0efa]

==============================================================================

Section Cross References

    main.o(.text) refers to delay.o(.text) for delay_init
    main.o(.text) refers to misc.o(.text) for NVIC_PriorityGroupConfig
    main.o(.text) refers to usart.o(.text) for uart_init
    main.o(.text) refers to lcd12232.o(.text) for GPIO_Configuration
    main.o(.text) refers to extiout.o(.text) for EXTIX_Init
    main.o(.text) refers to user_uart.o(.text) for USER_UARTx_Init
    main.o(.text) refers to stm32f10x_gpio.o(.text) for GPIO_ResetBits
    main.o(.text) refers to status.o(.text) for Open_succ
    main.o(.text) refers to hsj600.o(.text) for GetCard
    main.o(.text) refers to rt_memcpy_v6.o(.text) for __aeabi_memcpy
    main.o(.text) refers to rt_memclr.o(.text) for __aeabi_memclr
    main.o(.text) refers to status.o(.data) for step
    main.o(.text) refers to rtc.o(.data) for cou_timer
    main.o(.text) refers to extiout.o(.data) for key
    main.o(.text) refers to usart.o(.bss) for USART_Data
    main.o(.text) refers to usart.o(.data) for pro_open_port
    system_stm32f10x.o(.text) refers to system_stm32f10x.o(.data) for SystemCoreClock
    key.o(.text) refers to stm32f10x_rcc.o(.text) for RCC_APB2PeriphClockCmd
    key.o(.text) refers to stm32f10x_gpio.o(.text) for GPIO_Init
    key.o(.text) refers to delay.o(.text) for delay_ms
    key.o(.text) refers to key.o(.data) for key_up
    beep.o(.text) refers to stm32f10x_rcc.o(.text) for RCC_APB2PeriphClockCmd
    beep.o(.text) refers to stm32f10x_gpio.o(.text) for GPIO_Init
    wdg.o(.text) refers to stm32f10x_iwdg.o(.text) for IWDG_WriteAccessCmd
    status.o(.text) refers to stm32f10x_gpio.o(.text) for GPIO_SetBits
    status.o(.text) refers to lcd12232.o(.text) for DELAY_CLS
    status.o(.text) refers to delay.o(.text) for delay_ms
    status.o(.text) refers to usart.o(.data) for pro_open_port
    hsj600.o(.text) refers to extiout.o(.text) for Tra_port
    hsj600.o(.text) refers to usart.o(.text) for USART1_send_data
    hsj600.o(.text) refers to rt_memclr.o(.text) for __aeabi_memclr
    hsj600.o(.text) refers to hsj600.o(.data) for CardPro
    user_uart.o(.text) refers to stm32f10x_rcc.o(.text) for RCC_APB2PeriphClockCmd
    user_uart.o(.text) refers to stm32f10x_gpio.o(.text) for GPIO_Init
    user_uart.o(.text) refers to stm32f10x_usart.o(.text) for USART_Init
    user_uart.o(.text) refers to misc.o(.text) for NVIC_Init
    user_uart.o(.text) refers to hsj600.o(.text) for ClearData
    user_uart.o(.text) refers to hsj600.o(.data) for Data
    user_uart.o(.text) refers to status.o(.data) for step
    user_uart.o(.text) refers to extiout.o(.data) for sem_rading
    user_uart.o(.text) refers to rtc.o(.data) for cou_timer
    lcd12232.o(.text) refers to stm32f10x_rcc.o(.text) for RCC_APB2PeriphClockCmd
    lcd12232.o(.text) refers to stm32f10x_gpio.o(.text) for GPIO_Init
    lcd12232.o(.text) refers to delay.o(.text) for delay_us
    timer.o(.text) refers to stm32f10x_rcc.o(.text) for RCC_APB1PeriphClockCmd
    timer.o(.text) refers to stm32f10x_tim.o(.text) for TIM_TimeBaseInit
    timer.o(.text) refers to misc.o(.text) for NVIC_Init
    rtc.o(.text) refers to _printf_percent.o(.ARM.Collect$$_printf_percent$$00000000) for _printf_percent
    rtc.o(.text) refers to _printf_d.o(.ARM.Collect$$_printf_percent$$00000009) for _printf_d
    rtc.o(.text) refers to _printf_dec.o(.text) for _printf_int_dec
    rtc.o(.text) refers to misc.o(.text) for NVIC_Init
    rtc.o(.text) refers to stm32f10x_rtc.o(.text) for RTC_GetCounter
    rtc.o(.text) refers to stm32f10x_rcc.o(.text) for RCC_APB1PeriphClockCmd
    rtc.o(.text) refers to stm32f10x_pwr.o(.text) for PWR_BackupAccessCmd
    rtc.o(.text) refers to stm32f10x_bkp.o(.text) for BKP_ReadBackupRegister
    rtc.o(.text) refers to delay.o(.text) for delay_ms
    rtc.o(.text) refers to noretval__2printf.o(.text) for __2printf
    rtc.o(.text) refers to rtc.o(.constdata) for table_week
    rtc.o(.text) refers to rtc.o(.data) for daycnt
    rtc.o(.text) refers to rtc.o(.bss) for calendar
    extiout.o(.text) refers to key.o(.text) for KEY_Init
    extiout.o(.text) refers to stm32f10x_rcc.o(.text) for RCC_APB2PeriphClockCmd
    extiout.o(.text) refers to stm32f10x_gpio.o(.text) for GPIO_EXTILineConfig
    extiout.o(.text) refers to stm32f10x_exti.o(.text) for EXTI_Init
    extiout.o(.text) refers to misc.o(.text) for NVIC_Init
    extiout.o(.text) refers to delay.o(.text) for delay_ms
    extiout.o(.text) refers to status.o(.text) for Port_occu
    extiout.o(.text) refers to extiout.o(.data) for sem_rading
    extiout.o(.text) refers to status.o(.data) for step
    extiout.o(.text) refers to rtc.o(.data) for cou_timer
    delay.o(.text) refers to misc.o(.text) for SysTick_CLKSourceConfig
    delay.o(.text) refers to system_stm32f10x.o(.data) for SystemCoreClock
    delay.o(.text) refers to delay.o(.data) for fac_us
[...]
    libinit2.o(.ARM.Collect$$libinit$$00000027) refers to argv_veneer.o(.emb_text) for __ARM_argv_veneer
    rtexit2.o(.ARM.Collect$$rtexit$$00000003) refers to libshutdown.o(.ARM.Collect$$libshutdown$$00000000) for __rt_lib_shutdown
    rtexit2.o(.ARM.Collect$$rtexit$$00000004) refers to usart.o(.text) for _sys_exit
    rtexit2.o(.ARM.exidx) refers to rtexit2.o(.ARM.Collect$$rtexit$$00000001) for .ARM.Collect$$rtexit$$00000001
    rtexit2.o(.ARM.exidx) refers to rtexit2.o(.ARM.Collect$$rtexit$$00000003) for .ARM.Collect$$rtexit$$00000003
    rtexit2.o(.ARM.exidx) refers to rtexit2.o(.ARM.Collect$$rtexit$$00000004) for .ARM.Collect$$rtexit$$00000004
    argv_veneer.o(.emb_text) refers to no_argv.o(.text) for __ARM_get_argv
    _get_argv_nomalloc.o(.text) refers (Special) to hrguard.o(.text) for __heap_region$guard
    _get_argv_nomalloc.o(.text) refers to defsig_rtmem_outer.o(.text) for __rt_SIGRTMEM
    _get_argv_nomalloc.o(.text) refers to sys_command.o(.text) for _sys_command_string
    libshutdown.o(.ARM.Collect$$libshutdown$$00000000) refers (Special) to libshutdown2.o(.ARM.Collect$$libshutdown$$00000006) for __rt_lib_shutdown_fp_trap_1
    libshutdown.o(.ARM.Collect$$libshutdown$$00000000) refers (Special) to libshutdown2.o(.ARM.Collect$$libshutdown$$0000000E) for __rt_lib_shutdown_heap_1
    libshutdown.o(.ARM.Collect$$libshutdown$$00000000) refers (Special) to libshutdown2.o(.ARM.Collect$$libshutdown$$0000000F) for __rt_lib_shutdown_return
    libshutdown.o(.ARM.Collect$$libshutdown$$00000000) refers (Special) to libshutdown2.o(.ARM.Collect$$libshutdown$$00000009) for __rt_lib_shutdown_signal_1
    libshutdown.o(.ARM.Collect$$libshutdown$$00000000) refers (Special) to libshutdown2.o(.ARM.Collect$$libshutdown$$00000003) for __rt_lib_shutdown_stdio_1
    libshutdown.o(.ARM.Collect$$libshutdown$$00000000) refers (Special) to libshutdown2.o(.ARM.Collect$$libshutdown$$0000000B) for __rt_lib_shutdown_user_alloc_1
    sys_command.o(.text) refers (Special) to use_no_semi.o(.text) for __I$use$semihosting
    sys_command.o(.text) refers (Special) to indicate_semi.o(.text) for __semihosting_library_function
    defsig_rtmem_outer.o(.text) refers to defsig_rtmem_inner.o(.text) for __rt_SIGRTMEM_inner
    defsig_rtmem_outer.o(.text) refers to defsig_exit.o(.text) for __sig_exit
    defsig_rtmem_formal.o(.text) refers to rt_raise.o(.text) for __rt_raise
    rt_raise.o(.text) refers to __raise.o(.text) for __raise
    rt_raise.o(.text) refers to usart.o(.text) for _sys_exit
    defsig_exit.o(.text) refers to usart.o(.text) for _sys_exit
    defsig_rtmem_inner.o(.text) refers to defsig_general.o(.text) for __default_signal_display
    __raise.o(.text) refers to defsig.o(CL$$defsig) for __default_signal_handler
    defsig_general.o(.text) refers to sys_wrch.o(.text) for _ttywrch
    sys_wrch.o(.text) refers (Special) to use_no_semi.o(.text) for __I$use$semihosting
    sys_wrch.o(.text) refers (Special) to indicate_semi.o(.text) for __semihosting_library_function
    defsig.o(CL$$defsig) refers to defsig_rtmem_inner.o(.text) for __rt_SIGRTMEM_inner
    defsig_abrt_inner.o(.text) refers to defsig_general.o(.text) for __default_signal_display
    defsig_fpe_inner.o(.text) refers to defsig_general.o(.text) for __default_signal_display
    defsig_rtred_inner.o(.text) refers to defsig_general.o(.text) for __default_signal_display
    defsig_stak_inner.o(.text) refers to defsig_general.o(.text) for __default_signal_display
    defsig_pvfn_inner.o(.text) refers to defsig_general.o(.text) for __default_signal_display
    defsig_cppl_inner.o(.text) refers to defsig_general.o(.text) for __default_signal_display
    defsig_segv_inner.o(.text) refers to defsig_general.o(.text) for __default_signal_display
    defsig_other.o(.text) refers to defsig_general.o(.text) for __default_signal_display


==============================================================================

Removing Unused input sections from the image.

    Removing beep.o(.text), (56 bytes).
    Removing wdg.o(.text), (44 bytes).
    Removing sys.o(.emb_text), (6 bytes).
    Removing sys.o(.text), (12 bytes).
    Removing core_cm3.o(.emb_text), (32 bytes).
    Removing stm32f10x_fsmc.o(.text), (1548 bytes).
    Removing stm32f10x_iwdg.o(.text), (64 bytes).

7 unused section(s) (total 1762 bytes) removed from the image.

==============================================================================

Image Symbol Table

    Local Symbols

    Symbol Name                              Value     Ov Type        Size  Object(Section)

    ../clib/angel/boardlib.s                 0x00000000   Number         0  boardshut.o ABSOLUTE
    ../clib/angel/boardlib.s                 0x00000000   Number         0  boardinit1.o ABSOLUTE
    ../clib/angel/boardlib.s                 0x00000000   Number         0  boardinit2.o ABSOLUTE
    ../clib/angel/boardlib.s                 0x00000000   Number         0  boardinit3.o ABSOLUTE
    ../clib/angel/handlers.s                 0x00000000   Number         0  __scatter_zi.o ABSOLUTE
    ../clib/angel/handlers.s                 0x00000000   Number         0  __scatter_copy.o ABSOLUTE
    ../clib/angel/kernel.s                   0x00000000   Number         0  __rtentry2.o ABSOLUTE
    ../clib/angel/kernel.s                   0x00000000   Number         0  rtexit2.o ABSOLUTE
    ../clib/angel/kernel.s                   0x00000000   Number         0  __rtentry4.o ABSOLUTE
    ../clib/angel/kernel.s                   0x00000000   Number         0  __rtentry.o ABSOLUTE
    ../clib/angel/kernel.s                   0x00000000   Number         0  rtexit.o ABSOLUTE
    ../clib/angel/rt.s                       0x00000000   Number         0  rt_raise.o ABSOLUTE
    ../clib/angel/scatter.s                  0x00000000   Number         0  __scatter.o ABSOLUTE
    ../clib/angel/startup.s                  0x00000000   Number         0  __main.o ABSOLUTE
    ../clib/angel/sys.s                      0x00000000   Number         0  use_no_semi.o ABSOLUTE
    ../clib/angel/sys.s                      0x00000000   Number         0  sys_stackheap_outer.o ABSOLUTE
    ../clib/angel/sys.s                      0x00000000   Number         0  use_no_semi_2.o ABSOLUTE
    ../clib/angel/sys.s                      0x00000000   Number         0  libspace.o ABSOLUTE
    ../clib/angel/sys.s                      0x00000000   Number         0  indicate_semi.o ABSOLUTE
    ../clib/angel/sysapp.c                   0x00000000   Number         0  sys_command.o ABSOLUTE
    ../clib/angel/sysapp.c                   0x00000000   Number         0  sys_wrch.o ABSOLUTE
    ../clib/armsys.c                         0x00000000   Number         0  argv_veneer.o ABSOLUTE
    ../clib/armsys.c                         0x00000000   Number         0  argv_veneer.o ABSOLUTE
    ../clib/armsys.c                         0x00000000   Number         0  _get_argv_nomalloc.o ABSOLUTE
    ../clib/armsys.c                         0x00000000   Number         0  no_argv.o ABSOLUTE
    ../clib/heapalloc.c                      0x00000000   Number         0  hrguard.o ABSOLUTE
    ../clib/heapaux.c                        0x00000000   Number         0  heapauxi.o ABSOLUTE
    ../clib/libinit.s                        0x00000000   Number         0  libshutdown2.o ABSOLUTE
    ../clib/libinit.s                        0x00000000   Number         0  libinit2.o ABSOLUTE
    ../clib/libinit.s                        0x00000000   Number         0  libshutdown.o ABSOLUTE
    ../clib/libinit.s                        0x00000000   Number         0  libinit.o ABSOLUTE
    ../clib/memcpset.s                       0x00000000   Number         0  rt_memclr.o ABSOLUTE
    ../clib/memcpset.s                       0x00000000   Number         0  rt_memcpy_v6.o ABSOLUTE
    ../clib/memcpset.s                       0x00000000   Number         0  rt_memclr_w.o ABSOLUTE
    ../clib/memcpset.s                       0x00000000   Number         0  rt_memcpy_w.o ABSOLUTE
    ../clib/printf.c                         0x00000000   Number         0  noretval__2printf.o ABSOLUTE
    ../clib/printf.c                         0x00000000   Number         0  __2printf.o ABSOLUTE
    ../clib/printf.c                         0x00000000   Number         0  _printf_char_common.o ABSOLUTE
    ../clib/printf.c                         0x00000000   Number         0  __printf.o ABSOLUTE
    ../clib/printf.c                         0x00000000   Number         0  __printf_nopercent.o ABSOLUTE
    ../clib/printf.c                         0x00000000   Number         0  _printf_dec.o ABSOLUTE
    ../clib/printf.c                         0x00000000   Number         0  __printf_flags.o ABSOLUTE
    ../clib/printf.c                         0x00000000   Number         0  __printf_ss.o ABSOLUTE
    ../clib/printf.c                         0x00000000   Number         0  __printf_flags_ss.o ABSOLUTE
    ../clib/printf.c                         0x00000000   Number         0  __printf_flags_wp.o ABSOLUTE
    ../clib/printf.c                         0x00000000   Number         0  __printf_ss_wp.o ABSOLUTE
    ../clib/printf.c                         0x00000000   Number         0  __printf_flags_ss_wp.o ABSOLUTE
    ../clib/printf.c                         0x00000000   Number         0  _printf_char_file.o ABSOLUTE
    ../clib/printf.c                         0x00000000   Number         0  _printf_intcommon.o ABSOLUTE
    ../clib/printf.c                         0x00000000   Number         0  __printf_wp.o ABSOLUTE
    ../clib/printf_percent.s                 0x00000000   Number         0  _printf_percent_end.o ABSOLUTE
    ../clib/printf_percent.s                 0x00000000   Number         0  _printf_d.o ABSOLUTE
    ../clib/printf_percent.s                 0x00000000   Number         0  _printf_percent.o ABSOLUTE
    ../clib/signal.c                         0x00000000   Number         0  defsig_segv_inner.o ABSOLUTE
    ../clib/signal.c                         0x00000000   Number         0  defsig_other.o ABSOLUTE
    ../clib/signal.c                         0x00000000   Number         0  defsig_exit.o ABSOLUTE
    ../clib/signal.c                         0x00000000   Number         0  __raise.o ABSOLUTE
    ../clib/signal.c                         0x00000000   Number         0  defsig_general.o ABSOLUTE
    ../clib/signal.c                         0x00000000   Number         0  defsig_rtmem_formal.o ABSOLUTE
    ../clib/signal.c                         0x00000000   Number         0  defsig_rtmem_outer.o ABSOLUTE
    ../clib/signal.c                         0x00000000   Number         0  defsig_abrt_inner.o ABSOLUTE
    ../clib/signal.c                         0x00000000   Number         0  defsig_rtmem_inner.o ABSOLUTE
    ../clib/signal.c                         0x00000000   Number         0  defsig_fpe_inner.o ABSOLUTE
    ../clib/signal.c                         0x00000000   Number         0  defsig_rtred_inner.o ABSOLUTE
    ../clib/signal.c                         0x00000000   Number         0  defsig_stak_inner.o ABSOLUTE
    ../clib/signal.c                         0x00000000   Number         0  defsig_pvfn_inner.o ABSOLUTE
    ../clib/signal.c                         0x00000000   Number         0  defsig_cppl_inner.o ABSOLUTE
    ../clib/signal.s                         0x00000000   Number         0  defsig.o ABSOLUTE
    ../clib/stdio.c                          0x00000000   Number         0  ferror.o ABSOLUTE
    ../clib/stdio.c                          0x00000000   Number         0  ferror_locked.o ABSOLUTE
    ../clib/stdlib.c                         0x00000000   Number         0  exit.o ABSOLUTE
    ../fplib/fpinit.s                        0x00000000   Number         0  fpinit.o ABSOLUTE
    ..\CORE\core_cm3.c                       0x00000000   Number         0  core_cm3.o ABSOLUTE
    ..\CORE\startup_stm32f10x_hd.s           0x00000000   Number         0  startup_stm32f10x_hd.o ABSOLUTE
    ..\HARDWARE\BEEP\beep.c                  0x00000000   Number         0  beep.o ABSOLUTE
    ..\HARDWARE\EXTI\extiout.c               0x00000000   Number         0  extiout.o ABSOLUTE
    ..\HARDWARE\HSJ600\hsj600.c              0x00000000   Number         0  hsj600.o ABSOLUTE
    ..\HARDWARE\KEY\key.c                    0x00000000   Number         0  key.o ABSOLUTE
    ..\HARDWARE\LCD12232\lcd12232.c          0x00000000   Number         0  lcd12232.o ABSOLUTE
    ..\HARDWARE\RTC\rtc.c                    0x00000000   Number         0  rtc.o ABSOLUTE
    ..\HARDWARE\STATUS\status.c              0x00000000   Number         0  status.o ABSOLUTE
    ..\HARDWARE\TIMER\timer.c                0x00000000   Number         0  timer.o ABSOLUTE
    ..\HARDWARE\USER_UART\user_uart.c        0x00000000   Number         0  user_uart.o ABSOLUTE
    ..\HARDWARE\WDG\wdg.c                    0x00000000   Number         0  wdg.o ABSOLUTE
    ..\STM32F10x_FWLib\src\misc.c            0x00000000   Number         0  misc.o ABSOLUTE
    ..\STM32F10x_FWLib\src\stm32f10x_bkp.c   0x00000000   Number         0  stm32f10x_bkp.o ABSOLUTE
    ..\STM32F10x_FWLib\src\stm32f10x_exti.c  0x00000000   Number         0  stm32f10x_exti.o ABSOLUTE
    ..\STM32F10x_FWLib\src\stm32f10x_fsmc.c  0x00000000   Number         0  stm32f10x_fsmc.o ABSOLUTE
    ..\STM32F10x_FWLib\src\stm32f10x_gpio.c  0x00000000   Number         0  stm32f10x_gpio.o ABSOLUTE
    ..\STM32F10x_FWLib\src\stm32f10x_iwdg.c  0x00000000   Number         0  stm32f10x_iwdg.o ABSOLUTE
    ..\STM32F10x_FWLib\src\stm32f10x_pwr.c   0x00000000   Number         0  stm32f10x_pwr.o ABSOLUTE
    ..\STM32F10x_FWLib\src\stm32f10x_rcc.c   0x00000000   Number         0  stm32f10x_rcc.o ABSOLUTE
    ..\STM32F10x_FWLib\src\stm32f10x_rtc.c   0x00000000   Number         0  stm32f10x_rtc.o ABSOLUTE
    ..\STM32F10x_FWLib\src\stm32f10x_tim.c   0x00000000   Number         0  stm32f10x_tim.o ABSOLUTE
    ..\STM32F10x_FWLib\src\stm32f10x_usart.c 0x00000000   Number         0  stm32f10x_usart.o ABSOLUTE
    ..\SYSTEM\delay\delay.c                  0x00000000   Number         0  delay.o ABSOLUTE
    ..\SYSTEM\sys\sys.c                      0x00000000   Number         0  sys.o ABSOLUTE
    ..\SYSTEM\usart\usart.c                  0x00000000   Number         0  usart.o ABSOLUTE
    ..\\CORE\\core_cm3.c                     0x00000000   Number         0  core_cm3.o ABSOLUTE
    ..\\SYSTEM\\sys\\sys.c                   0x00000000   Number         0  sys.o ABSOLUTE
    dc.s                                     0x00000000   Number         0  dc.o ABSOLUTE
    main.c                                   0x00000000   Number         0  main.o ABSOLUTE
    stm32f10x_it.c                           0x00000000   Number         0  stm32f10x_it.o ABSOLUTE
    system_stm32f10x.c                       0x00000000   Number         0  system_stm32f10x.o ABSOLUTE
    RESET                                    0x08000000   Section      304  startup_stm32f10x_hd.o(RESET)
    !!!main                                  0x08000130   Section        8  __main.o(!!!main)
    !!!scatter                               0x08000138   Section       52  __scatter.o(!!!scatter)
    !!handler_copy                           0x0800016c   Section       26  __scatter_copy.o(!!handler_copy)
    !!handler_zi                             0x08000188   Section       28  __scatter_zi.o(!!handler_zi)
    .ARM.Collect$$_printf_percent$$00000000  0x080001a4   Section        0  _printf_percent.o(.ARM.Collect$$_printf_percent$$00000000)
    .ARM.Collect$$_printf_percent$$00000009  0x080001a4   Section        6  _printf_d.o(.ARM.Collect$$_printf_percent$$00000009)
    .ARM.Collect$$_printf_percent$$00000017  0x080001aa   Section        4  _printf_percent_end.o(.ARM.Collect$$_printf_percent$$00000017)
    .ARM.Collect$$libinit$$00000000          0x080001ae   Section        2  libinit.o(.ARM.Collect$$libinit$$00000000)
    .ARM.Collect$$libinit$$00000002          0x080001b0   Section        0  libinit2.o(.ARM.Collect$$libinit$$00000002)
    .ARM.Collect$$libinit$$00000004          0x080001b0   Section        0  libinit2.o(.ARM.Collect$$libinit$$00000004)
    .ARM.Collect$$libinit$$0000000A          0x080001b0   Section        0  libinit2.o(.ARM.Collect$$libinit$$0000000A)
    .ARM.Collect$$libinit$$0000000C          0x080001b0   Section        0  libinit2.o(.ARM.Collect$$libinit$$0000000C)
    .ARM.Collect$$libinit$$0000000E          0x080001b0   Section        0  libinit2.o(.ARM.Collect$$libinit$$0000000E)
    .ARM.Collect$$libinit$$00000011          0x080001b0   Section        0  libinit2.o(.ARM.Collect$$libinit$$00000011)
    .ARM.Collect$$libinit$$00000013          0x080001b0   Section        0  libinit2.o(.ARM.Collect$$libinit$$00000013)
    .ARM.Collect$$libinit$$00000015          0x080001b0   Section        0  libinit2.o(.ARM.Collect$$libinit$$00000015)
    .ARM.Collect$$libinit$$00000017          0x080001b0   Section        0  libinit2.o(.ARM.Collect$$libinit$$00000017)
    .ARM.Collect$$libinit$$00000019          0x080001b0   Section        0  libinit2.o(.ARM.Collect$$libinit$$00000019)
    .ARM.Collect$$libinit$$0000001B          0x080001b0   Section        0  libinit2.o(.ARM.Collect$$libinit$$0000001B)
    .ARM.Collect$$libinit$$0000001D          0x080001b0   Section        0  libinit2.o(.ARM.Collect$$libinit$$0000001D)
    .ARM.Collect$$libinit$$0000001F          0x080001b0   Section        0  libinit2.o(.ARM.Collect$$libinit$$0000001F)
    .ARM.Collect$$libinit$$00000021          0x080001b0   Section        0  libinit2.o(.ARM.Collect$$libinit$$00000021)
    .ARM.Collect$$libinit$$00000023          0x080001b0   Section        0  libinit2.o(.ARM.Collect$$libinit$$00000023)
    .ARM.Collect$$libinit$$00000025          0x080001b0   Section        0  libinit2.o(.ARM.Collect$$libinit$$00000025)
    .ARM.Collect$$libinit$$0000002C          0x080001b0   Section        0  libinit2.o(.ARM.Collect$$libinit$$0000002C)
    .ARM.Collect$$libinit$$0000002E          0x080001b0   Section        0  libinit2.o(.ARM.Collect$$libinit$$0000002E)
    .ARM.Collect$$libinit$$00000030          0x080001b0   Section        0  libinit2.o(.ARM.Collect$$libinit$$00000030)
    .ARM.Collect$$libinit$$00000032          0x080001b0   Section        0  libinit2.o(.ARM.Collect$$libinit$$00000032)
    .ARM.Collect$$libinit$$00000033          0x080001b0   Section        2  libinit2.o(.ARM.Collect$$libinit$$00000033)
    .ARM.Collect$$libshutdown$$00000000      0x080001b2   Section        2  libshutdown.o(.ARM.Collect$$libshutdown$$00000000)
    .ARM.Collect$$libshutdown$$00000003      0x080001b4   Section        0  libshutdown2.o(.ARM.Collect$$libshutdown$$00000003)
    .ARM.Collect$$libshutdown$$00000006      0x080001b4   Section        0  libshutdown2.o(.ARM.Collect$$libshutdown$$00000006)
    .ARM.Collect$$libshutdown$$00000009      0x080001b4   Section        0  libshutdown2.o(.ARM.Collect$$libshutdown$$00000009)
    .ARM.Collect$$libshutdown$$0000000B      0x080001b4   Section        0  libshutdown2.o(.ARM.Collect$$libshutdown$$0000000B)
    .ARM.Collect$$libshutdown$$0000000E      0x080001b4   Section        0  libshutdown2.o(.ARM.Collect$$libshutdown$$0000000E)
    .ARM.Collect$$libshutdown$$0000000F      0x080001b4   Section        2  libshutdown2.o(.ARM.Collect$$libshutdown$$0000000F)
    .ARM.Collect$$rtentry$$00000000          0x080001b6   Section        0  __rtentry.o(.ARM.Collect$$rtentry$$00000000)
    .ARM.Collect$$rtentry$$00000002          0x080001b6   Section        0  __rtentry2.o(.ARM.Collect$$rtentry$$00000002)
    .ARM.Collect$$rtentry$$00000004          0x080001b6   Section        6  __rtentry4.o(.ARM.Collect$$rtentry$$00000004)
    .ARM.Collect$$rtentry$$00000009          0x080001bc   Section        0  __rtentry2.o(.ARM.Collect$$rtentry$$00000009)
    .ARM.Collect$$rtentry$$0000000A          0x080001bc   Section        4  __rtentry2.o(.ARM.Collect$$rtentry$$0000000A)
    .ARM.Collect$$rtentry$$0000000C          0x080001c0   Section        0  __rtentry2.o(.ARM.Collect$$rtentry$$0000000C)
    .ARM.Collect$$rtentry$$0000000D          0x080001c0   Section        8  __rtentry2.o(.ARM.Collect$$rtentry$$0000000D)
    .ARM.Collect$$rtexit$$00000000           0x080001c8   Section        2  rtexit.o(.ARM.Collect$$rtexit$$00000000)
    .ARM.Collect$$rtexit$$00000002           0x080001ca   Section        0  rtexit2.o(.ARM.Collect$$rtexit$$00000002)
    .ARM.Collect$$rtexit$$00000003           0x080001ca   Section        4  rtexit2.o(.ARM.Collect$$rtexit$$00000003)
    .ARM.Collect$$rtexit$$00000004           0x080001ce   Section        6  rtexit2.o(.ARM.Collect$$rtexit$$00000004)
    .text                                    0x080001d4   Section        0  main.o(.text)
    .text                                    0x0800046c   Section        0  stm32f10x_it.o(.text)
    .text                                    0x08000488   Section        0  system_stm32f10x.o(.text)
    SetSysClockTo72                          0x08000489   Thumb Code   214  system_stm32f10x.o(.text)
    SetSysClock                              0x0800055f   Thumb Code     8  system_stm32f10x.o(.text)
    .text                                    0x08000668   Section        0  key.o(.text)
    .text                                    0x08000764   Section        0  status.o(.text)
    .text                                    0x08000ba0   Section        0  hsj600.o(.text)
    .text                                    0x08000d20   Section        0  user_uart.o(.text)
    .text                                    0x08000ef0   Section        0  lcd12232.o(.text)
    .text                                    0x08001468   Section        0  timer.o(.text)
    .text                                    0x080014dc   Section        0  rtc.o(.text)
    RTC_NVIC_Config                          0x080014dd   Thumb Code    32  rtc.o(.text)
    .text                                    0x0800195c   Section        0  extiout.o(.text)
    .text                                    0x08001e30   Section        0  delay.o(.text)
    .text                                    0x08001f04   Section        0  usart.o(.text)
    .text                                    0x08002100   Section       64  startup_stm32f10x_hd.o(.text)
    .text                                    0x08002140   Section        0  misc.o(.text)
    .text                                    0x0800221c   Section        0  stm32f10x_gpio.o(.text)
    .text                                    0x08002578   Section        0  stm32f10x_rcc.o(.text)
    .text                                    0x0800291c   Section        0  stm32f10x_usart.o(.text)
    .text                                    0x08002d24   Section        0  stm32f10x_exti.o(.text)
    .text                                    0x08002e40   Section        0  stm32f10x_tim.o(.text)
    TI4_Config                               0x080032e7   Thumb Code   130  stm32f10x_tim.o(.text)
    TI3_Config                               0x0800337b   Thumb Code   122  stm32f10x_tim.o(.text)
    TI2_Config                               0x0800340f   Thumb Code   130  stm32f10x_tim.o(.text)
    TI1_Config                               0x080034a3   Thumb Code   108  stm32f10x_tim.o(.text)
    .text                                    0x08003c5c   Section        0  stm32f10x_rtc.o(.text)
    .text                                    0x08003da4   Section        0  stm32f10x_bkp.o(.text)
    .text                                    0x08003e68   Section        0  stm32f10x_pwr.o(.text)
    .text                                    0x08003f34   Section        2  use_no_semi_2.o(.text)
    .text                                    0x08003f38   Section        0  noretval__2printf.o(.text)
    .text                                    0x08003f50   Section        0  __printf.o(.text)
    .text                                    0x08003fb8   Section        0  _printf_dec.o(.text)
    .text                                    0x08004030   Section      138  rt_memcpy_v6.o(.text)
    .text                                    0x080040ba   Section       68  rt_memclr.o(.text)
    .text                                    0x080040fe   Section        0  heapauxi.o(.text)
    .text                                    0x08004104   Section        2  use_no_semi.o(.text)
    .text                                    0x08004106   Section        0  _printf_intcommon.o(.text)
    .text                                    0x080041b8   Section        0  _printf_char_file.o(.text)
    .text                                    0x080041dc   Section      100  rt_memcpy_w.o(.text)
    .text                                    0x08004240   Section       78  rt_memclr_w.o(.text)
    .text                                    0x08004290   Section        0  _printf_char_common.o(.text)
    _printf_input_char                       0x08004291   Thumb Code    10  _printf_char_common.o(.text)
    .text                                    0x080042c0   Section        0  ferror.o(.text)
    .text                                    0x080042c8   Section       74  sys_stackheap_outer.o(.text)
    .text                                    0x08004312   Section        0  exit.o(.text)
    .text                                    0x08004320   Section        8  libspace.o(.text)
    .constdata                               0x08004328   Section       24  rtc.o(.constdata)
    .data                                    0x20000000   Section       20  system_stm32f10x.o(.data)
    .data                                    0x20000014   Section        1  key.o(.data)
    key_up                                   0x20000014   Data           1  key.o(.data)
    .data                                    0x20000015   Section        9  status.o(.data)
    .data                                    0x2000001e   Section       30  hsj600.o(.data)
    .data                                    0x2000003c   Section        4  rtc.o(.data)
    daycnt                                   0x2000003e   Data           2  rtc.o(.data)
    .data                                    0x20000040   Section        9  extiout.o(.data)
    .data                                    0x2000004a   Section        4  delay.o(.data)
    fac_us                                   0x2000004a   Data           1  delay.o(.data)
    fac_ms                                   0x2000004c   Data           2  delay.o(.data)
    .data                                    0x20000050   Section       34  usart.o(.data)
    .data                                    0x20000072   Section       20  stm32f10x_rcc.o(.data)
    APBAHBPrescTable                         0x20000072   Data          16  stm32f10x_rcc.o(.data)
    ADCPrescTable                            0x20000082   Data           4  stm32f10x_rcc.o(.data)
    .bss                                     0x20000088   Section       10  rtc.o(.bss)
    .bss                                     0x20000092   Section      252  usart.o(.bss)
    .bss                                     0x20000190   Section       96  libspace.o(.bss)
    HEAP                                     0x200001f0   Section      512  startup_stm32f10x_hd.o(HEAP)
    Heap_Mem                                 0x200001f0   Data         512  startup_stm32f10x_hd.o(HEAP)
    STACK                                    0x200003f0   Section     1024  startup_stm32f10x_hd.o(STACK)
    Stack_Mem                                0x200003f0   Data        1024  startup_stm32f10x_hd.o(STACK)
    __initial_sp                             0x200007f0   Data           0  startup_stm32f10x_hd.o(STACK)

    Global Symbols

    Symbol Name                              Value     Ov Type        Size  Object(Section)

    BuildAttributes$$THM_ISAv4$P$D$K$B$S$PE$A:L22UL41UL21$X:L11$S22US41US21$IEEE1$IW$USESV6$~STKCKD$USESV7$~SHL$OSPACE$ROPI$EBA8$UX$STANDARDLIB$REQ8$PRES8$EABIv2 0x00000000   Number         0  anon$$obj.o ABSOLUTE
    __ARM_use_no_argv                        0x00000000   Number         0  main.o ABSOLUTE
    __ARM_exceptions_init                     - Undefined Weak Reference
    __alloca_initialize                       - Undefined Weak Reference
    __arm_preinit_                            - Undefined Weak Reference
    __cpp_initialize__aeabi_                  - Undefined Weak Reference
    __cxa_finalize                            - Undefined Weak Reference
    __rt_locale                               - Undefined Weak Reference
    __sigvec_lookup                           - Undefined Weak Reference
    _atexit_init                              - Undefined Weak Reference
    _call_atexit_fns                          - Undefined Weak Reference
    _clock_init                               - Undefined Weak Reference
    _fp_trap_init                             - Undefined Weak Reference
    _fp_trap_shutdown                         - Undefined Weak Reference
    _get_lc_collate                           - Undefined Weak Reference
    _get_lc_ctype                             - Undefined Weak Reference
    _get_lc_monetary                          - Undefined Weak Reference
    _get_lc_numeric                           - Undefined Weak Reference
    _get_lc_time                              - Undefined Weak Reference
    _getenv_init                              - Undefined Weak Reference
    _handle_redirection                       - Undefined Weak Reference
    _init_alloc                               - Undefined Weak Reference
    _init_user_alloc                          - Undefined Weak Reference
    _initio                                   - Undefined Weak Reference
    _mutex_acquire                            - Undefined Weak Reference
    _mutex_release                            - Undefined Weak Reference
    _printf_post_padding                      - Undefined Weak Reference
    _printf_pre_padding                       - Undefined Weak Reference
    _printf_truncate_signed                   - Undefined Weak Reference
    _printf_truncate_unsigned                 - Undefined Weak Reference
    _rand_init                                - Undefined Weak Reference
    _signal_finish                            - Undefined Weak Reference
    _signal_init                              - Undefined Weak Reference
    _terminate_alloc                          - Undefined Weak Reference
    _terminate_user_alloc                     - Undefined Weak Reference
    _terminateio                              - Undefined Weak Reference
    __Vectors_Size                           0x00000130   Number         0  startup_stm32f10x_hd.o ABSOLUTE
    __Vectors                                0x08000000   Data           4  startup_stm32f10x_hd.o(RESET)
    __Vectors_End                            0x08000130   Data           0  startup_stm32f10x_hd.o(RESET)
    __main                                   0x08000131   Thumb Code     8  __main.o(!!!main)
    __scatterload                            0x08000139   Thumb Code     0  __scatter.o(!!!scatter)
    __scatterload_rt2                        0x08000139   Thumb Code    44  __scatter.o(!!!scatter)
    __scatterload_rt2_thumb_only             0x08000139   Thumb Code     0  __scatter.o(!!!scatter)
    __scatterload_null                       0x08000147   Thumb Code     0  __scatter.o(!!!scatter)
    __scatterload_copy                       0x0800016d   Thumb Code    26  __scatter_copy.o(!!handler_copy)
    __scatterload_zeroinit                   0x08000189   Thumb Code    28  __scatter_zi.o(!!handler_zi)
    _printf_d                                0x080001a5   Thumb Code     0  _printf_d.o(.ARM.Collect$$_printf_percent$$00000009)
    _printf_percent                          0x080001a5   Thumb Code     0  _printf_percent.o(.ARM.Collect$$_printf_percent$$00000000)
    _printf_percent_end                      0x080001ab   Thumb Code     0  _printf_percent_end.o(.ARM.Collect$$_printf_percent$$00000017)
    __rt_lib_init                            0x080001af   Thumb Code     0  libinit.o(.ARM.Collect$$libinit$$00000000)
    __rt_lib_init_alloca_1                   0x080001b1   Thumb Code     0  libinit2.o(.ARM.Collect$$libinit$$0000002E)
    __rt_lib_init_argv_1                     0x080001b1   Thumb Code     0  libinit2.o(.ARM.Collect$$libinit$$0000002C)
    __rt_lib_init_atexit_1                   0x080001b1   Thumb Code     0  libinit2.o(.ARM.Collect$$libinit$$0000001B)
    __rt_lib_init_clock_1                    0x080001b1   Thumb Code     0  libinit2.o(.ARM.Collect$$libinit$$00000021)
    __rt_lib_init_cpp_1                      0x080001b1   Thumb Code     0  libinit2.o(.ARM.Collect$$libinit$$00000032)
    __rt_lib_init_exceptions_1               0x080001b1   Thumb Code     0  libinit2.o(.ARM.Collect$$libinit$$00000030)
    __rt_lib_init_fp_1                       0x080001b1   Thumb Code     0  libinit2.o(.ARM.Collect$$libinit$$00000002)
    __rt_lib_init_fp_trap_1                  0x080001b1   Thumb Code     0  libinit2.o(.ARM.Collect$$libinit$$0000001F)
    __rt_lib_init_getenv_1                   0x080001b1   Thumb Code     0  libinit2.o(.ARM.Collect$$libinit$$00000023)
    __rt_lib_init_heap_1                     0x080001b1   Thumb Code     0  libinit2.o(.ARM.Collect$$libinit$$0000000A)
    __rt_lib_init_lc_collate_1               0x080001b1   Thumb Code     0  libinit2.o(.ARM.Collect$$libinit$$00000011)
    __rt_lib_init_lc_ctype_1                 0x080001b1   Thumb Code     0  libinit2.o(.ARM.Collect$$libinit$$00000013)
    __rt_lib_init_lc_monetary_1              0x080001b1   Thumb Code     0  libinit2.o(.ARM.Collect$$libinit$$00000015)
    __rt_lib_init_lc_numeric_1               0x080001b1   Thumb Code     0  libinit2.o(.ARM.Collect$$libinit$$00000017)
    __rt_lib_init_lc_time_1                  0x080001b1   Thumb Code     0  libinit2.o(.ARM.Collect$$libinit$$00000019)
    __rt_lib_init_preinit_1                  0x080001b1   Thumb Code     0  libinit2.o(.ARM.Collect$$libinit$$00000004)
    __rt_lib_init_rand_1                     0x080001b1   Thumb Code     0  libinit2.o(.ARM.Collect$$libinit$$0000000E)
    __rt_lib_init_return                     0x080001b1   Thumb Code     0  libinit2.o(.ARM.Collect$$libinit$$00000033)
    __rt_lib_init_signal_1                   0x080001b1   Thumb Code     0  libinit2.o(.ARM.Collect$$libinit$$0000001D)
    __rt_lib_init_stdio_1                    0x080001b1   Thumb Code     0  libinit2.o(.ARM.Collect$$libinit$$00000025)
    __rt_lib_init_user_alloc_1               0x080001b1   Thumb Code     0  libinit2.o(.ARM.Collect$$libinit$$0000000C)
    __rt_lib_shutdown                        0x080001b3   Thumb Code     0  libshutdown.o(.ARM.Collect$$libshutdown$$00000000)
    __rt_lib_shutdown_fp_trap_1              0x080001b5   Thumb Code     0  libshutdown2.o(.ARM.Collect$$libshutdown$$00000006)
    __rt_lib_shutdown_heap_1                 0x080001b5   Thumb Code     0  libshutdown2.o(.ARM.Collect$$libshutdown$$0000000E)
    __rt_lib_shutdown_return                 0x080001b5   Thumb Code     0  libshutdown2.o(.ARM.Collect$$libshutdown$$0000000F)
    __rt_lib_shutdown_signal_1               0x080001b5   Thumb Code     0  libshutdown2.o(.ARM.Collect$$libshutdown$$00000009)
    __rt_lib_shutdown_stdio_1                0x080001b5   Thumb Code     0  libshutdown2.o(.ARM.Collect$$libshutdown$$00000003)
    __rt_lib_shutdown_user_alloc_1           0x080001b5   Thumb Code     0  libshutdown2.o(.ARM.Collect$$libshutdown$$0000000B)
    __rt_entry                               0x080001b7   Thumb Code     0  __rtentry.o(.ARM.Collect$$rtentry$$00000000)
    __rt_entry_presh_1                       0x080001b7   Thumb Code     0  __rtentry2.o(.ARM.Collect$$rtentry$$00000002)
    __rt_entry_sh                            0x080001b7   Thumb Code     0  __rtentry4.o(.ARM.Collect$$rtentry$$00000004)
    __rt_entry_li                            0x080001bd   Thumb Code     0  __rtentry2.o(.ARM.Collect$$rtentry$$0000000A)
    __rt_entry_postsh_1                      0x080001bd   Thumb Code     0  __rtentry2.o(.ARM.Collect$$rtentry$$00000009)
    __rt_entry_main                          0x080001c1   Thumb Code     0  __rtentry2.o(.ARM.Collect$$rtentry$$0000000D)
    __rt_entry_postli_1                      0x080001c1   Thumb Code     0  __rtentry2.o(.ARM.Collect$$rtentry$$0000000C)
    __rt_exit                                0x080001c9   Thumb Code     0  rtexit.o(.ARM.Collect$$rtexit$$00000000)
    __rt_exit_ls                             0x080001cb   Thumb Code     0  rtexit2.o(.ARM.Collect$$rtexit$$00000003)
    __rt_exit_prels_1                        0x080001cb   Thumb Code     0  rtexit2.o(.ARM.Collect$$rtexit$$00000002)
    __rt_exit_exit                           0x080001cf   Thumb Code     0  rtexit2.o(.ARM.Collect$$rtexit$$00000004)
    main                                     0x080001d5   Thumb Code   618  main.o(.text)
    NMI_Handler                              0x0800046d   Thumb Code     2  stm32f10x_it.o(.text)
    HardFault_Handler                        0x0800046f   Thumb Code     4  stm32f10x_it.o(.text)
    MemManage_Handler                        0x08000473   Thumb Code     4  stm32f10x_it.o(.text)
    BusFault_Handler                         0x08000477   Thumb Code     4  stm32f10x_it.o(.text)
    UsageFault_Handler                       0x0800047b   Thumb Code     4  stm32f10x_it.o(.text)
    SVC_Handler                              0x0800047f   Thumb Code     2  stm32f10x_it.o(.text)
    DebugMon_Handler                         0x08000481   Thumb Code     2  stm32f10x_it.o(.text)
    PendSV_Handler                           0x08000483   Thumb Code     2  stm32f10x_it.o(.text)
    SysTick_Handler                          0x08000485   Thumb Code     2  stm32f10x_it.o(.text)
    SystemInit                               0x08000567   Thumb Code    78  system_stm32f10x.o(.text)
    SystemCoreClockUpdate                    0x080005b5   Thumb Code   142  system_stm32f10x.o(.text)
    KEY_Init                                 0x08000669   Thumb Code    52  key.o(.text)
    KEY_Scan                                 0x0800069d   Thumb Code   188  key.o(.text)
    Def_state                                0x08000765   Thumb Code    56  status.o(.text)
    Selet_port                               0x0800079d   Thumb Code    38  status.o(.text)
    Rem_sum                                  0x080007c3   Thumb Code    94  status.o(.text)
    Swit_chr                                 0x08000821   Thumb Code    18  status.o(.text)
    Open_succ                                0x08000833   Thumb Code    76  status.o(.text)
    Charging                                 0x0800087f   Thumb Code    38  status.o(.text)
    Open_fail                                0x080008a5   Thumb Code   298  status.o(.text)
    Reading_card                             0x080009cf   Thumb Code    52  status.o(.text)
    Port_occu                                0x08000a03   Thumb Code    78  status.o(.text)
    Che_port                                 0x08000a51   Thumb Code    76  status.o(.text)
    GetSum                                   0x08000ba1   Thumb Code    32  hsj600.o(.text)
    uitoa                                    0x08000bc1   Thumb Code    32  hsj600.o(.text)
    Pro_pack                                 0x08000be1   Thumb Code   182  hsj600.o(.text)
    CopyData                                 0x08000c97   Thumb Code    22  hsj600.o(.text)
    GetCard                                  0x08000cad   Thumb Code    46  hsj600.o(.text)
    GetBCC                                   0x08000cdb   Thumb Code    24  hsj600.o(.text)
    ClearData                                0x08000cf3   Thumb Code    20  hsj600.o(.text)
    USER_UART_GPIO_Init                      0x08000d21   Thumb Code    78  user_uart.o(.text)
    USER_UART_Config                         0x08000d6f   Thumb Code    70  user_uart.o(.text)
    NVIC_Configuration                       0x08000db5   Thumb Code    32  user_uart.o(.text)
    USER_UARTx_Init                          0x08000dd5   Thumb Code    16  user_uart.o(.text)
    USER_UART1_Send_DATA                     0x08000de5   Thumb Code    28  user_uart.o(.text)
    USER_UART1_Send_Str                      0x08000e01   Thumb Code    26  user_uart.o(.text)
    USART3_IRQHandler                        0x08000e1b   Thumb Code   182  user_uart.o(.text)
    GPIO_Configuration                       0x08000ef1   Thumb Code    66  lcd12232.o(.text)
    wr_cmd                                   0x08000f33   Thumb Code   290  lcd12232.o(.text)
    wr_data                                  0x08001055   Thumb Code   316  lcd12232.o(.text)
    LCD_CLS                                  0x08001191   Thumb Code    22  lcd12232.o(.text)
    DELAY_CLS                                0x080011a7   Thumb Code    14  lcd12232.o(.text)
    SendStr                                  0x080011b5   Thumb Code    22  lcd12232.o(.text)
    SendStr1                                 0x080011cb   Thumb Code    28  lcd12232.o(.text)
    init_lcd                                 0x080011e7   Thumb Code    62  lcd12232.o(.text)
    gotoxy                                   0x08001225   Thumb Code    44  lcd12232.o(.text)
    testshow                                 0x08001251   Thumb Code   104  lcd12232.o(.text)
    disp_kuang                               0x080012b9   Thumb Code   284  lcd12232.o(.text)
    display_pic                              0x080013d5   Thumb Code    74  lcd12232.o(.text)
    CallBuiltinChar                          0x0800141f   Thumb Code    72  lcd12232.o(.text)
    TIM3_Int_Init                            0x08001469   Thumb Code    90  timer.o(.text)
    TIM3_IRQHandler                          0x080014c3   Thumb Code    22  timer.o(.text)
    RTC_Get_Week                             0x080014fd   Thumb Code   116  rtc.o(.text)
    Is_Leap_Year                             0x08001571   Thumb Code    58  rtc.o(.text)
    RTC_Get                                  0x080015ab   Thumb Code   240  rtc.o(.text)
    RTC_Set                                  0x0800169b   Thumb Code   184  rtc.o(.text)
    RTC_Init                                 0x08001753   Thumb Code   192  rtc.o(.text)
    RTC_IRQHandler                           0x08001813   Thumb Code    82  rtc.o(.text)
    RTC_Alarm_Set                            0x08001865   Thumb Code   184  rtc.o(.text)
    EXTIX_Init                               0x0800195d   Thumb Code   460  extiout.o(.text)
    EXTI0_IRQHandler                         0x08001b29   Thumb Code    98  extiout.o(.text)
    EXTI1_IRQHandler                         0x08001b8b   Thumb Code    92  extiout.o(.text)
    EXTI2_IRQHandler                         0x08001be7   Thumb Code    94  extiout.o(.text)
    EXTI3_IRQHandler                         0x08001c45   Thumb Code    94  extiout.o(.text)
    EXTI4_IRQHandler                         0x08001ca3   Thumb Code    94  extiout.o(.text)
    EXTI9_5_IRQHandler                       0x08001d01   Thumb Code   258  extiout.o(.text)
    Tra_port                                 0x08001e03   Thumb Code    30  extiout.o(.text)
    delay_init                               0x08001e31   Thumb Code    50  delay.o(.text)
    delay_us                                 0x08001e63   Thumb Code    72  delay.o(.text)
    delay_ms                                 0x08001eab   Thumb Code    72  delay.o(.text)
    _sys_exit                                0x08001f05   Thumb Code     6  usart.o(.text)
    fputc                                    0x08001f0b   Thumb Code    24  usart.o(.text)
    uart_init                                0x08001f23   Thumb Code   160  usart.o(.text)
    USART1_IRQHandler                        0x08001fc3   Thumb Code   112  usart.o(.text)
    USART1_send_data                         0x08002033   Thumb Code    56  usart.o(.text)
    Tohex                                    0x0800206b   Thumb Code    78  usart.o(.text)
    Pares_Pro                                0x080020b9   Thumb Code    42  usart.o(.text)
    Reset_Handler                            0x08002101   Thumb Code     8  startup_stm32f10x_hd.o(.text)
    ADC1_2_IRQHandler                        0x0800211b   Thumb Code     0  startup_stm32f10x_hd.o(.text)
    ADC3_IRQHandler                          0x0800211b   Thumb Code     0  startup_stm32f10x_hd.o(.text)
    CAN1_RX1_IRQHandler                      0x0800211b   Thumb Code     0  startup_stm32f10x_hd.o(.text)
    CAN1_SCE_IRQHandler                      0x0800211b   Thumb Code     0  startup_stm32f10x_hd.o(.text)
    DMA1_Channel1_IRQHandler                 0x0800211b   Thumb Code     0  startup_stm32f10x_hd.o(.text)
    DMA1_Channel2_IRQHandler                 0x0800211b   Thumb Code     0  startup_stm32f10x_hd.o(.text)
    DMA1_Channel3_IRQHandler                 0x0800211b   Thumb Code     0  startup_stm32f10x_hd.o(.text)
    DMA1_Channel4_IRQHandler                 0x0800211b   Thumb Code     0  startup_stm32f10x_hd.o(.text)
    DMA1_Channel5_IRQHandler                 0x0800211b   Thumb Code     0  startup_stm32f10x_hd.o(.text)
    DMA1_Channel6_IRQHandler                 0x0800211b   Thumb Code     0  startup_stm32f10x_hd.o(.text)
    DMA1_Channel7_IRQHandler                 0x0800211b   Thumb Code     0  startup_stm32f10x_hd.o(.text)
    DMA2_Channel1_IRQHandler                 0x0800211b   Thumb Code     0  startup_stm32f10x_hd.o(.text)
    DMA2_Channel2_IRQHandler                 0x0800211b   Thumb Code     0  startup_stm32f10x_hd.o(.text)
    DMA2_Channel3_IRQHandler                 0x0800211b   Thumb Code     0  startup_stm32f10x_hd.o(.text)
    DMA2_Channel4_5_IRQHandler               0x0800211b   Thumb Code     0  startup_stm32f10x_hd.o(.text)
    EXTI15_10_IRQHandler                     0x0800211b   Thumb Code     0  startup_stm32f10x_hd.o(.text)
    FLASH_IRQHandler                         0x0800211b   Thumb Code     0  startup_stm32f10x_hd.o(.text)
    FSMC_IRQHandler                          0x0800211b   Thumb Code     0  startup_stm32f10x_hd.o(.text)
    I2C1_ER_IRQHandler                       0x0800211b   Thumb Code     0  startup_stm32f10x_hd.o(.text)
    I2C1_EV_IRQHandler                       0x0800211b   Thumb Code     0  startup_stm32f10x_hd.o(.text)
    I2C2_ER_IRQHandler                       0x0800211b   Thumb Code     0  startup_stm32f10x_hd.o(.text)
    I2C2_EV_IRQHandler                       0x0800211b   Thumb Code     0  startup_stm32f10x_hd.o(.text)
    PVD_IRQHandler                           0x0800211b   Thumb Code     0  startup_stm32f10x_hd.o(.text)
    RCC_IRQHandler                           0x0800211b   Thumb Code     0  startup_stm32f10x_hd.o(.text)
    RTCAlarm_IRQHandler                      0x0800211b   Thumb Code     0  startup_stm32f10x_hd.o(.text)
    SDIO_IRQHandler                          0x0800211b   Thumb Code     0  startup_stm32f10x_hd.o(.text)
    SPI1_IRQHandler                          0x0800211b   Thumb Code     0  startup_stm32f10x_hd.o(.text)
    SPI2_IRQHandler                          0x0800211b   Thumb Code     0  startup_stm32f10x_hd.o(.text)
    SPI3_IRQHandler                          0x0800211b   Thumb Code     0  startup_stm32f10x_hd.o(.text)
    TAMPER_IRQHandler                        0x0800211b   Thumb Code     0  startup_stm32f10x_hd.o(.text)
    TIM1_BRK_IRQHandler                      0x0800211b   Thumb Code     0  startup_stm32f10x_hd.o(.text)
    TIM1_CC_IRQHandler                       0x0800211b   Thumb Code     0  startup_stm32f10x_hd.o(.text)
    TIM1_TRG_COM_IRQHandler                  0x0800211b   Thumb Code     0  startup_stm32f10x_hd.o(.text)
    TIM1_UP_IRQHandler                       0x0800211b   Thumb Code     0  startup_stm32f10x_hd.o(.text)
    TIM2_IRQHandler                          0x0800211b   Thumb Code     0  startup_stm32f10x_hd.o(.text)
    TIM4_IRQHandler                          0x0800211b   Thumb Code     0  startup_stm32f10x_hd.o(.text)
    TIM5_IRQHandler                          0x0800211b   Thumb Code     0  startup_stm32f10x_hd.o(.text)
    TIM6_IRQHandler                          0x0800211b   Thumb Code     0  startup_stm32f10x_hd.o(.text)
    TIM7_IRQHandler                          0x0800211b   Thumb Code     0  startup_stm32f10x_hd.o(.text)
    TIM8_BRK_IRQHandler                      0x0800211b   Thumb Code     0  startup_stm32f10x_hd.o(.text)
    TIM8_CC_IRQHandler                       0x0800211b   Thumb Code     0  startup_stm32f10x_hd.o(.text)
    TIM8_TRG_COM_IRQHandler                  0x0800211b   Thumb Code     0  startup_stm32f10x_hd.o(.text)
    TIM8_UP_IRQHandler                       0x0800211b   Thumb Code     0  startup_stm32f10x_hd.o(.text)
    UART4_IRQHandler                         0x0800211b   Thumb Code     0  startup_stm32f10x_hd.o(.text)
    UART5_IRQHandler                         0x0800211b   Thumb Code     0  startup_stm32f10x_hd.o(.text)
    USART2_IRQHandler                        0x0800211b   Thumb Code     0  startup_stm32f10x_hd.o(.text)
    USBWakeUp_IRQHandler                     0x0800211b   Thumb Code     0  startup_stm32f10x_hd.o(.text)
    USB_HP_CAN1_TX_IRQHandler                0x0800211b   Thumb Code     0  startup_stm32f10x_hd.o(.text)
    USB_LP_CAN1_RX0_IRQHandler               0x0800211b   Thumb Code     0  startup_stm32f10x_hd.o(.text)
    WWDG_IRQHandler                          0x0800211b   Thumb Code     0  startup_stm32f10x_hd.o(.text)
    __user_initial_stackheap                 0x0800211d   Thumb Code     0  startup_stm32f10x_hd.o(.text)
    NVIC_PriorityGroupConfig                 0x08002141   Thumb Code    10  misc.o(.text)
    NVIC_Init                                0x0800214b   Thumb Code   100  misc.o(.text)
    NVIC_SetVectorTable                      0x080021af   Thumb Code    14  misc.o(.text)
    NVIC_SystemLPConfig                      0x080021bd   Thumb Code    34  misc.o(.text)
    SysTick_CLKSourceConfig                  0x080021df   Thumb Code    40  misc.o(.text)
    GPIO_DeInit                              0x0800221d   Thumb Code   172  stm32f10x_gpio.o(.text)
    GPIO_AFIODeInit                          0x080022c9   Thumb Code    20  stm32f10x_gpio.o(.text)
    GPIO_Init                                0x080022dd   Thumb Code   278  stm32f10x_gpio.o(.text)
    GPIO_StructInit                          0x080023f3   Thumb Code    16  stm32f10x_gpio.o(.text)
    GPIO_ReadInputDataBit                    0x08002403   Thumb Code    18  stm32f10x_gpio.o(.text)
    GPIO_ReadInputData                       0x08002415   Thumb Code     8  stm32f10x_gpio.o(.text)
    GPIO_ReadOutputDataBit                   0x0800241d   Thumb Code    18  stm32f10x_gpio.o(.text)
    GPIO_ReadOutputData                      0x0800242f   Thumb Code     8  stm32f10x_gpio.o(.text)
    GPIO_SetBits                             0x08002437   Thumb Code     4  stm32f10x_gpio.o(.text)
    GPIO_ResetBits                           0x0800243b   Thumb Code     4  stm32f10x_gpio.o(.text)
    GPIO_WriteBit                            0x0800243f   Thumb Code    10  stm32f10x_gpio.o(.text)
    GPIO_Write                               0x08002449   Thumb Code     4  stm32f10x_gpio.o(.text)
    GPIO_PinLockConfig                       0x0800244d   Thumb Code    18  stm32f10x_gpio.o(.text)
    GPIO_EventOutputConfig                   0x0800245f   Thumb Code    26  stm32f10x_gpio.o(.text)
    GPIO_EventOutputCmd                      0x08002479   Thumb Code     6  stm32f10x_gpio.o(.text)
    GPIO_PinRemapConfig                      0x0800247f   Thumb Code   138  stm32f10x_gpio.o(.text)
    GPIO_EXTILineConfig                      0x08002509   Thumb Code    66  stm32f10x_gpio.o(.text)
    GPIO_ETH_MediaInterfaceConfig            0x0800254b   Thumb Code     8  stm32f10x_gpio.o(.text)
    RCC_DeInit                               0x08002579   Thumb Code    64  stm32f10x_rcc.o(.text)
    RCC_HSEConfig                            0x080025b9   Thumb Code    70  stm32f10x_rcc.o(.text)
    RCC_GetFlagStatus                        0x080025ff   Thumb Code    56  stm32f10x_rcc.o(.text)
    RCC_WaitForHSEStartUp                    0x08002637   Thumb Code    56  stm32f10x_rcc.o(.text)
    RCC_AdjustHSICalibrationValue            0x0800266f   Thumb Code    20  stm32f10x_rcc.o(.text)
    RCC_HSICmd                               0x08002683   Thumb Code     6  stm32f10x_rcc.o(.text)
    RCC_PLLConfig                            0x08002689   Thumb Code    24  stm32f10x_rcc.o(.text)
    RCC_PLLCmd                               0x080026a1   Thumb Code     6  stm32f10x_rcc.o(.text)
    RCC_SYSCLKConfig                         0x080026a7   Thumb Code    18  stm32f10x_rcc.o(.text)
    RCC_GetSYSCLKSource                      0x080026b9   Thumb Code    10  stm32f10x_rcc.o(.text)
    RCC_HCLKConfig                           0x080026c3   Thumb Code    18  stm32f10x_rcc.o(.text)
    RCC_PCLK1Config                          0x080026d5   Thumb Code    18  stm32f10x_rcc.o(.text)
    RCC_PCLK2Config                          0x080026e7   Thumb Code    20  stm32f10x_rcc.o(.text)
    RCC_ITConfig                             0x080026fb   Thumb Code    26  stm32f10x_rcc.o(.text)
    RCC_USBCLKConfig                         0x08002715   Thumb Code     8  stm32f10x_rcc.o(.text)
    RCC_ADCCLKConfig                         0x0800271d   Thumb Code    18  stm32f10x_rcc.o(.text)
    RCC_LSEConfig                            0x0800272f   Thumb Code    50  stm32f10x_rcc.o(.text)
    RCC_LSICmd                               0x08002761   Thumb Code     6  stm32f10x_rcc.o(.text)
    RCC_RTCCLKConfig                         0x08002767   Thumb Code    12  stm32f10x_rcc.o(.text)
    RCC_RTCCLKCmd                            0x08002773   Thumb Code     8  stm32f10x_rcc.o(.text)
    RCC_GetClocksFreq                        0x0800277b   Thumb Code   192  stm32f10x_rcc.o(.text)
    RCC_AHBPeriphClockCmd                    0x0800283b   Thumb Code    26  stm32f10x_rcc.o(.text)
    RCC_APB2PeriphClockCmd                   0x08002855   Thumb Code    26  stm32f10x_rcc.o(.text)
    RCC_APB1PeriphClockCmd                   0x0800286f   Thumb Code    26  stm32f10x_rcc.o(.text)
    RCC_APB2PeriphResetCmd                   0x08002889   Thumb Code    26  stm32f10x_rcc.o(.text)
    RCC_APB1PeriphResetCmd                   0x080028a3   Thumb Code    26  stm32f10x_rcc.o(.text)
    RCC_BackupResetCmd                       0x080028bd   Thumb Code     8  stm32f10x_rcc.o(.text)
    RCC_ClockSecuritySystemCmd               0x080028c5   Thumb Code     6  stm32f10x_rcc.o(.text)
    RCC_MCOConfig                            0x080028cb   Thumb Code     6  stm32f10x_rcc.o(.text)
    RCC_ClearFlag                            0x080028d1   Thumb Code    14  stm32f10x_rcc.o(.text)
    RCC_GetITStatus                          0x080028df   Thumb Code    20  stm32f10x_rcc.o(.text)
    RCC_ClearITPendingBit                    0x080028f3   Thumb Code     6  stm32f10x_rcc.o(.text)
    USART_DeInit                             0x0800291d   Thumb Code   134  stm32f10x_usart.o(.text)
    USART_Init                               0x080029a3   Thumb Code   210  stm32f10x_usart.o(.text)
    USART_StructInit                         0x08002a75   Thumb Code    24  stm32f10x_usart.o(.text)
    USART_ClockInit                          0x08002a8d   Thumb Code    34  stm32f10x_usart.o(.text)
    USART_ClockStructInit                    0x08002aaf   Thumb Code    12  stm32f10x_usart.o(.text)
    USART_Cmd                                0x08002abb   Thumb Code    24  stm32f10x_usart.o(.text)
    USART_ITConfig                           0x08002ad3   Thumb Code    74  stm32f10x_usart.o(.text)
    USART_DMACmd                             0x08002b1d   Thumb Code    18  stm32f10x_usart.o(.text)
    USART_SetAddress                         0x08002b2f   Thumb Code    18  stm32f10x_usart.o(.text)
    USART_WakeUpConfig                       0x08002b41   Thumb Code    18  stm32f10x_usart.o(.text)
    USART_ReceiverWakeUpCmd                  0x08002b53   Thumb Code    24  stm32f10x_usart.o(.text)
    USART_LINBreakDetectLengthConfig         0x08002b6b   Thumb Code    18  stm32f10x_usart.o(.text)
    USART_LINCmd                             0x08002b7d   Thumb Code    24  stm32f10x_usart.o(.text)
    USART_SendData                           0x08002b95   Thumb Code     8  stm32f10x_usart.o(.text)
    USART_ReceiveData                        0x08002b9d   Thumb Code    10  stm32f10x_usart.o(.text)
    USART_SendBreak                          0x08002ba7   Thumb Code    10  stm32f10x_usart.o(.text)
    USART_SetGuardTime                       0x08002bb1   Thumb Code    16  stm32f10x_usart.o(.text)
    USART_SetPrescaler                       0x08002bc1   Thumb Code    16  stm32f10x_usart.o(.text)
    USART_SmartCardCmd                       0x08002bd1   Thumb Code    24  stm32f10x_usart.o(.text)
    USART_SmartCardNACKCmd                   0x08002be9   Thumb Code    24  stm32f10x_usart.o(.text)
    USART_HalfDuplexCmd                      0x08002c01   Thumb Code    24  stm32f10x_usart.o(.text)
    USART_OverSampling8Cmd                   0x08002c19   Thumb Code    22  stm32f10x_usart.o(.text)
    USART_OneBitMethodCmd                    0x08002c2f   Thumb Code    24  stm32f10x_usart.o(.text)
    USART_IrDAConfig                         0x08002c47   Thumb Code    18  stm32f10x_usart.o(.text)
    USART_IrDACmd                            0x08002c59   Thumb Code    24  stm32f10x_usart.o(.text)
    USART_GetFlagStatus                      0x08002c71   Thumb Code    26  stm32f10x_usart.o(.text)
    USART_ClearFlag                          0x08002c8b   Thumb Code    18  stm32f10x_usart.o(.text)
    USART_GetITStatus                        0x08002c9d   Thumb Code    84  stm32f10x_usart.o(.text)
    USART_ClearITPendingBit                  0x08002cf1   Thumb Code    52  stm32f10x_usart.o(.text)
    EXTI_DeInit                              0x08002d25   Thumb Code    28  stm32f10x_exti.o(.text)
    EXTI_Init                                0x08002d41   Thumb Code   142  stm32f10x_exti.o(.text)
    EXTI_StructInit                          0x08002dcf   Thumb Code    16  stm32f10x_exti.o(.text)
    EXTI_GenerateSWInterrupt                 0x08002ddf   Thumb Code    16  stm32f10x_exti.o(.text)
    EXTI_GetFlagStatus                       0x08002def   Thumb Code    22  stm32f10x_exti.o(.text)
    EXTI_ClearFlag                           0x08002e05   Thumb Code     8  stm32f10x_exti.o(.text)
    EXTI_GetITStatus                         0x08002e0d   Thumb Code    34  stm32f10x_exti.o(.text)
    EXTI_ClearITPendingBit                   0x08002e2f   Thumb Code     8  stm32f10x_exti.o(.text)
    TIM_DeInit                               0x08002e41   Thumb Code   424  stm32f10x_tim.o(.text)
    TIM_TimeBaseInit                         0x08002fe9   Thumb Code   122  stm32f10x_tim.o(.text)
    TIM_OC1Init                              0x08003063   Thumb Code   132  stm32f10x_tim.o(.text)
    TIM_OC2Init                              0x080030e7   Thumb Code   154  stm32f10x_tim.o(.text)
    TIM_OC3Init                              0x08003181   Thumb Code   150  stm32f10x_tim.o(.text)
    TIM_OC4Init                              0x08003217   Thumb Code   182  stm32f10x_tim.o(.text)
    TIM_SetIC4Prescaler                      0x080032cd   Thumb Code    26  stm32f10x_tim.o(.text)
    TIM_SetIC3Prescaler                      0x08003369   Thumb Code    18  stm32f10x_tim.o(.text)
    TIM_SetIC2Prescaler                      0x080033f5   Thumb Code    26  stm32f10x_tim.o(.text)
    TIM_SetIC1Prescaler                      0x08003491   Thumb Code    18  stm32f10x_tim.o(.text)
    TIM_ICInit                               0x0800350f   Thumb Code   150  stm32f10x_tim.o(.text)
    TIM_PWMIConfig                           0x080035a5   Thumb Code   124  stm32f10x_tim.o(.text)
    TIM_BDTRConfig                           0x08003621   Thumb Code    32  stm32f10x_tim.o(.text)
    TIM_TimeBaseStructInit                   0x08003641   Thumb Code    18  stm32f10x_tim.o(.text)
    TIM_OCStructInit                         0x08003653   Thumb Code    20  stm32f10x_tim.o(.text)
    TIM_ICStructInit                         0x08003667   Thumb Code    18  stm32f10x_tim.o(.text)
    TIM_BDTRStructInit                       0x08003679   Thumb Code    40  stm32f10x_tim.o(.text)
    TIM_Cmd                                  0x080036a1   Thumb Code    24  stm32f10x_tim.o(.text)
    TIM_CtrlPWMOutputs                       0x080036b9   Thumb Code    30  stm32f10x_tim.o(.text)
    TIM_ITConfig                             0x080036d7   Thumb Code    18  stm32f10x_tim.o(.text)
    TIM_GenerateEvent                        0x080036e9   Thumb Code     4  stm32f10x_tim.o(.text)
    TIM_DMAConfig                            0x080036ed   Thumb Code    10  stm32f10x_tim.o(.text)
    TIM_DMACmd                               0x080036f7   Thumb Code    18  stm32f10x_tim.o(.text)
    TIM_InternalClockConfig                  0x08003709   Thumb Code    12  stm32f10x_tim.o(.text)
    TIM_SelectInputTrigger                   0x08003715   Thumb Code    18  stm32f10x_tim.o(.text)
    TIM_ITRxExternalClockConfig              0x08003727   Thumb Code    24  stm32f10x_tim.o(.text)
    TIM_TIxExternalClockConfig               0x0800373f   Thumb Code    62  stm32f10x_tim.o(.text)
    TIM_ETRConfig                            0x0800377d   Thumb Code    28  stm32f10x_tim.o(.text)
    TIM_ETRClockMode1Config                  0x08003799   Thumb Code    54  stm32f10x_tim.o(.text)
    TIM_ETRClockMode2Config                  0x080037cf   Thumb Code    32  stm32f10x_tim.o(.text)
    TIM_PrescalerConfig                      0x080037ef   Thumb Code     6  stm32f10x_tim.o(.text)
    TIM_CounterModeConfig                    0x080037f5   Thumb Code    18  stm32f10x_tim.o(.text)
    TIM_EncoderInterfaceConfig               0x08003807   Thumb Code    66  stm32f10x_tim.o(.text)
    TIM_ForcedOC1Config                      0x08003849   Thumb Code    18  stm32f10x_tim.o(.text)
    TIM_ForcedOC2Config                      0x0800385b   Thumb Code    26  stm32f10x_tim.o(.text)
    TIM_ForcedOC3Config                      0x08003875   Thumb Code    18  stm32f10x_tim.o(.text)
    TIM_ForcedOC4Config                      0x08003887   Thumb Code    26  stm32f10x_tim.o(.text)
    TIM_ARRPreloadConfig                     0x080038a1   Thumb Code    24  stm32f10x_tim.o(.text)
    TIM_SelectCOM                            0x080038b9   Thumb Code    24  stm32f10x_tim.o(.text)
    TIM_SelectCCDMA                          0x080038d1   Thumb Code    24  stm32f10x_tim.o(.text)
    TIM_CCPreloadControl                     0x080038e9   Thumb Code    24  stm32f10x_tim.o(.text)
    TIM_OC1PreloadConfig                     0x08003901   Thumb Code    18  stm32f10x_tim.o(.text)
    TIM_OC2PreloadConfig                     0x08003913   Thumb Code    26  stm32f10x_tim.o(.text)
    TIM_OC3PreloadConfig                     0x0800392d   Thumb Code    18  stm32f10x_tim.o(.text)
    TIM_OC4PreloadConfig                     0x0800393f   Thumb Code    26  stm32f10x_tim.o(.text)
    TIM_OC1FastConfig                        0x08003959   Thumb Code    18  stm32f10x_tim.o(.text)
    TIM_OC2FastConfig                        0x0800396b   Thumb Code    26  stm32f10x_tim.o(.text)
    TIM_OC3FastConfig                        0x08003985   Thumb Code    18  stm32f10x_tim.o(.text)
    TIM_OC4FastConfig                        0x08003997   Thumb Code    26  stm32f10x_tim.o(.text)
    TIM_ClearOC1Ref                          0x080039b1   Thumb Code    18  stm32f10x_tim.o(.text)
    TIM_ClearOC2Ref                          0x080039c3   Thumb Code    24  stm32f10x_tim.o(.text)
    TIM_ClearOC3Ref                          0x080039db   Thumb Code    18  stm32f10x_tim.o(.text)
    TIM_ClearOC4Ref                          0x080039ed   Thumb Code    24  stm32f10x_tim.o(.text)
    TIM_OC1PolarityConfig                    0x08003a05   Thumb Code    18  stm32f10x_tim.o(.text)
    TIM_OC1NPolarityConfig                   0x08003a17   Thumb Code    18  stm32f10x_tim.o(.text)
    TIM_OC2PolarityConfig                    0x08003a29   Thumb Code    26  stm32f10x_tim.o(.text)
    TIM_OC2NPolarityConfig                   0x08003a43   Thumb Code    26  stm32f10x_tim.o(.text)
    TIM_OC3PolarityConfig                    0x08003a5d   Thumb Code    26  stm32f10x_tim.o(.text)
    TIM_OC3NPolarityConfig                   0x08003a77   Thumb Code    26  stm32f10x_tim.o(.text)
    TIM_OC4PolarityConfig                    0x08003a91   Thumb Code    26  stm32f10x_tim.o(.text)
    TIM_CCxCmd                               0x08003aab   Thumb Code    30  stm32f10x_tim.o(.text)
    TIM_CCxNCmd                              0x08003ac9   Thumb Code    30  stm32f10x_tim.o(.text)
    TIM_SelectOCxM                           0x08003ae7   Thumb Code    82  stm32f10x_tim.o(.text)
    TIM_UpdateDisableConfig                  0x08003b39   Thumb Code    24  stm32f10x_tim.o(.text)
    TIM_UpdateRequestConfig                  0x08003b51   Thumb Code    24  stm32f10x_tim.o(.text)
    TIM_SelectHallSensor                     0x08003b69   Thumb Code    24  stm32f10x_tim.o(.text)
    TIM_SelectOnePulseMode                   0x08003b81   Thumb Code    18  stm32f10x_tim.o(.text)
    TIM_SelectOutputTrigger                  0x08003b93   Thumb Code    18  stm32f10x_tim.o(.text)
    TIM_SelectSlaveMode                      0x08003ba5   Thumb Code    18  stm32f10x_tim.o(.text)
    TIM_SelectMasterSlaveMode                0x08003bb7   Thumb Code    18  stm32f10x_tim.o(.text)
    TIM_SetCounter                           0x08003bc9   Thumb Code     4  stm32f10x_tim.o(.text)
    TIM_SetAutoreload                        0x08003bcd   Thumb Code     4  stm32f10x_tim.o(.text)
    TIM_SetCompare1                          0x08003bd1   Thumb Code     4  stm32f10x_tim.o(.text)
    TIM_SetCompare2                          0x08003bd5   Thumb Code     4  stm32f10x_tim.o(.text)
    TIM_SetCompare3                          0x08003bd9   Thumb Code     4  stm32f10x_tim.o(.text)
    TIM_SetCompare4                          0x08003bdd   Thumb Code     6  stm32f10x_tim.o(.text)
    TIM_SetClockDivision                     0x08003be3   Thumb Code    18  stm32f10x_tim.o(.text)
    TIM_GetCapture1                          0x08003bf5   Thumb Code     6  stm32f10x_tim.o(.text)
    TIM_GetCapture2                          0x08003bfb   Thumb Code     6  stm32f10x_tim.o(.text)
    TIM_GetCapture3                          0x08003c01   Thumb Code     6  stm32f10x_tim.o(.text)
    TIM_GetCapture4                          0x08003c07   Thumb Code     8  stm32f10x_tim.o(.text)
    TIM_GetCounter                           0x08003c0f   Thumb Code     6  stm32f10x_tim.o(.text)
    TIM_GetPrescaler                         0x08003c15   Thumb Code     6  stm32f10x_tim.o(.text)
    TIM_GetFlagStatus                        0x08003c1b   Thumb Code    18  stm32f10x_tim.o(.text)
    TIM_ClearFlag                            0x08003c2d   Thumb Code     6  stm32f10x_tim.o(.text)
    TIM_GetITStatus                          0x08003c33   Thumb Code    34  stm32f10x_tim.o(.text)
    TIM_ClearITPendingBit                    0x08003c55   Thumb Code     6  stm32f10x_tim.o(.text)
    RTC_ITConfig                             0x08003c5d   Thumb Code    26  stm32f10x_rtc.o(.text)
    RTC_EnterConfigMode                      0x08003c77   Thumb Code    18  stm32f10x_rtc.o(.text)
    RTC_ExitConfigMode                       0x08003c89   Thumb Code    20  stm32f10x_rtc.o(.text)
    RTC_GetCounter                           0x08003c9d   Thumb Code    18  stm32f10x_rtc.o(.text)
    RTC_SetCounter                           0x08003caf   Thumb Code    26  stm32f10x_rtc.o(.text)
    RTC_SetPrescaler                         0x08003cc9   Thumb Code    28  stm32f10x_rtc.o(.text)
    RTC_SetAlarm                             0x08003ce5   Thumb Code    26  stm32f10x_rtc.o(.text)
    RTC_GetDivider                           0x08003cff   Thumb Code    22  stm32f10x_rtc.o(.text)
    RTC_WaitForLastTask                      0x08003d15   Thumb Code    18  stm32f10x_rtc.o(.text)
    RTC_WaitForSynchro                       0x08003d27   Thumb Code    36  stm32f10x_rtc.o(.text)
    RTC_GetFlagStatus                        0x08003d4b   Thumb Code    22  stm32f10x_rtc.o(.text)
    RTC_ClearFlag                            0x08003d61   Thumb Code    16  stm32f10x_rtc.o(.text)
    RTC_GetITStatus                          0x08003d71   Thumb Code    32  stm32f10x_rtc.o(.text)
    RTC_ClearITPendingBit                    0x08003d91   Thumb Code    16  stm32f10x_rtc.o(.text)
    BKP_DeInit                               0x08003da5   Thumb Code    16  stm32f10x_bkp.o(.text)
    BKP_TamperPinLevelConfig                 0x08003db5   Thumb Code     6  stm32f10x_bkp.o(.text)
    BKP_TamperPinCmd                         0x08003dbb   Thumb Code     8  stm32f10x_bkp.o(.text)
    BKP_ITConfig                             0x08003dc3   Thumb Code     8  stm32f10x_bkp.o(.text)
    BKP_RTCOutputConfig                      0x08003dcb   Thumb Code    22  stm32f10x_bkp.o(.text)
    BKP_SetRTCCalibrationValue               0x08003de1   Thumb Code    22  stm32f10x_bkp.o(.text)
    BKP_WriteBackupRegister                  0x08003df7   Thumb Code    24  stm32f10x_bkp.o(.text)
    BKP_ReadBackupRegister                   0x08003e0f   Thumb Code    26  stm32f10x_bkp.o(.text)
    BKP_GetFlagStatus                        0x08003e29   Thumb Code    10  stm32f10x_bkp.o(.text)
    BKP_ClearFlag                            0x08003e33   Thumb Code    18  stm32f10x_bkp.o(.text)
    BKP_GetITStatus                          0x08003e45   Thumb Code    10  stm32f10x_bkp.o(.text)
    BKP_ClearITPendingBit                    0x08003e4f   Thumb Code    18  stm32f10x_bkp.o(.text)
    PWR_DeInit                               0x08003e69   Thumb Code    22  stm32f10x_pwr.o(.text)
    PWR_BackupAccessCmd                      0x08003e7f   Thumb Code     6  stm32f10x_pwr.o(.text)
    PWR_PVDCmd                               0x08003e85   Thumb Code     6  stm32f10x_pwr.o(.text)
    PWR_PVDLevelConfig                       0x08003e8b   Thumb Code    18  stm32f10x_pwr.o(.text)
    PWR_WakeUpPinCmd                         0x08003e9d   Thumb Code     8  stm32f10x_pwr.o(.text)
    PWR_EnterSTOPMode                        0x08003ea5   Thumb Code    54  stm32f10x_pwr.o(.text)
    PWR_EnterSTANDBYMode                     0x08003edb   Thumb Code    42  stm32f10x_pwr.o(.text)
    PWR_GetFlagStatus                        0x08003f05   Thumb Code    20  stm32f10x_pwr.o(.text)
    PWR_ClearFlag                            0x08003f19   Thumb Code    14  stm32f10x_pwr.o(.text)
    __use_no_semihosting                     0x08003f35   Thumb Code     2  use_no_semi_2.o(.text)
    __2printf                                0x08003f39   Thumb Code    20  noretval__2printf.o(.text)
    __printf                                 0x08003f51   Thumb Code   104  __printf.o(.text)
    _printf_int_dec                          0x08003fb9   Thumb Code   104  _printf_dec.o(.text)
    __aeabi_memcpy                           0x08004031   Thumb Code     0  rt_memcpy_v6.o(.text)
    __rt_memcpy                              0x08004031   Thumb Code   138  rt_memcpy_v6.o(.text)
    _memcpy_lastbytes                        0x08004097   Thumb Code     0  rt_memcpy_v6.o(.text)
    __aeabi_memclr                           0x080040bb   Thumb Code     0  rt_memclr.o(.text)
    __rt_memclr                              0x080040bb   Thumb Code    68  rt_memclr.o(.text)
    _memset                                  0x080040bf   Thumb Code     0  rt_memclr.o(.text)
    __use_two_region_memory                  0x080040ff   Thumb Code     2  heapauxi.o(.text)
    __rt_heap_escrow$2region                 0x08004101   Thumb Code     2  heapauxi.o(.text)
    __rt_heap_expand$2region                 0x08004103   Thumb Code     2  heapauxi.o(.text)
    __I$use$semihosting                      0x08004105   Thumb Code     0  use_no_semi.o(.text)
    __use_no_semihosting_swi                 0x08004105   Thumb Code     2  use_no_semi.o(.text)
    _printf_int_common                       0x08004107   Thumb Code   178  _printf_intcommon.o(.text)
    _printf_char_file                        0x080041b9   Thumb Code    32  _printf_char_file.o(.text)
    __aeabi_memcpy4                          0x080041dd   Thumb Code     0  rt_memcpy_w.o(.text)
    __aeabi_memcpy8                          0x080041dd   Thumb Code     0  rt_memcpy_w.o(.text)
    __rt_memcpy_w                            0x080041dd   Thumb Code   100  rt_memcpy_w.o(.text)
    _memcpy_lastbytes_aligned                0x08004225   Thumb Code     0  rt_memcpy_w.o(.text)
    __aeabi_memclr4                          0x08004241   Thumb Code     0  rt_memclr_w.o(.text)
    __aeabi_memclr8                          0x08004241   Thumb Code     0  rt_memclr_w.o(.text)
    __rt_memclr_w                            0x08004241   Thumb Code    78  rt_memclr_w.o(.text)
    _memset_w                                0x08004245   Thumb Code     0  rt_memclr_w.o(.text)
    _printf_char_common                      0x0800429b   Thumb Code    32  _printf_char_common.o(.text)
    ferror                                   0x080042c1   Thumb Code     8  ferror.o(.text)
    __user_setup_stackheap                   0x080042c9   Thumb Code    74  sys_stackheap_outer.o(.text)
    exit                                     0x08004313   Thumb Code    12  exit.o(.text)
    __user_libspace                          0x08004321   Thumb Code     8  libspace.o(.text)
    __user_perproc_libspace                  0x08004321   Thumb Code     0  libspace.o(.text)
    __user_perthread_libspace                0x08004321   Thumb Code     0  libspace.o(.text)
    table_week                               0x08004328   Data          12  rtc.o(.constdata)
    mon_table                                0x08004334   Data          12  rtc.o(.constdata)
    Region$$Table$$Base                      0x08004340   Number         0  anon$$obj.o(Region$$Table)
    Region$$Table$$Limit                     0x08004360   Number         0  anon$$obj.o(Region$$Table)
    SystemCoreClock                          0x20000000   Data           4  system_stm32f10x.o(.data)
    AHBPrescTable                            0x20000004   Data          16  system_stm32f10x.o(.data)
    remaining_sum                            0x20000015   Data           8  status.o(.data)
    step                                     0x2000001d   Data           1  status.o(.data)
    NEW_DATA                                 0x2000001e   Data           1  hsj600.o(.data)
    Data                                     0x2000001f   Data           7  hsj600.o(.data)
    CardData                                 0x20000026   Data           4  hsj600.o(.data)
    CardType                                 0x2000002a   Data           1  hsj600.o(.data)
    CardPro                                  0x2000002b   Data          17  hsj600.o(.data)
    cou_timer                                0x2000003c   Data           1  rtc.o(.data)
    key                                      0x20000040   Data           8  extiout.o(.data)
    sem_rading                               0x20000048   Data           1  extiout.o(.data)
    __stdout                                 0x20000050   Data           4  usart.o(.data)
    rem_sum                                  0x20000054   Data           8  usart.o(.data)
    pro_open_port                            0x2000005c   Data           1  usart.o(.data)
    USART_RX_STA                             0x2000005e   Data           2  usart.o(.data)
    Uart_send_counter                        0x20000060   Data           1  usart.o(.data)
    Uart_send_pointer                        0x20000064   Data           4  usart.o(.data)
    RxCounter1                               0x20000068   Data           4  usart.o(.data)
    UID_backup                               0x2000006c   Data           4  usart.o(.data)
    flag_nfc_status                          0x20000070   Data           1  usart.o(.data)
    flag_rev_finish                          0x20000071   Data           1  usart.o(.data)
    calendar                                 0x20000088   Data          10  rtc.o(.bss)
    USART_RX_BUF                             0x20000092   Data          26  usart.o(.bss)
    USART_Data                               0x200000ac   Data          26  usart.o(.bss)
    RxBuffer1                                0x200000c6   Data         200  usart.o(.bss)
    __libspace_start                         0x20000190   Data          96  libspace.o(.bss)
    __temporary_stack_top$libspace           0x200001f0   Data           0  libspace.o(.bss)



==============================================================================

Memory Map of the image

  Image Entry point : 0x08000131

  Load Region LR_IROM1 (Base: 0x08000000, Size: 0x000043e8, Max: 0x00010000, ABSOLUTE)

    Execution Region ER_IROM1 (Base: 0x08000000, Size: 0x00004360, Max: 0x00010000, ABSOLUTE)

    Base Addr    Size         Type   Attr      Idx    E Section Name        Object

    0x08000000   0x00000130   Data   RO          438    RESET               startup_stm32f10x_hd.o
    0x08000130   0x00000008   Code   RO          617  * !!!main             c_w.l(__main.o)
    0x08000138   0x00000034   Code   RO          788    !!!scatter          c_w.l(__scatter.o)
    0x0800016c   0x0000001a   Code   RO          790    !!handler_copy      c_w.l(__scatter_copy.o)
    0x08000186   0x00000002   PAD
    0x08000188   0x0000001c   Code   RO          792    !!handler_zi        c_w.l(__scatter_zi.o)
    0x080001a4   0x00000000   Code   RO          610    .ARM.Collect$$_printf_percent$$00000000  c_w.l(_printf_percent.o)
    0x080001a4   0x00000006   Code   RO          609    .ARM.Collect$$_printf_percent$$00000009  c_w.l(_printf_d.o)
    0x080001aa   0x00000004   Code   RO          626    .ARM.Collect$$_printf_percent$$00000017  c_w.l(_printf_percent_end.o)
    0x080001ae   0x00000002   Code   RO          663    .ARM.Collect$$libinit$$00000000  c_w.l(libinit.o)
    0x080001b0   0x00000000   Code   RO          670    .ARM.Collect$$libinit$$00000002  c_w.l(libinit2.o)
    0x080001b0   0x00000000   Code   RO          672    .ARM.Collect$$libinit$$00000004  c_w.l(libinit2.o)
    0x080001b0   0x00000000   Code   RO          675    .ARM.Collect$$libinit$$0000000A  c_w.l(libinit2.o)
    0x080001b0   0x00000000   Code   RO          677    .ARM.Collect$$libinit$$0000000C  c_w.l(libinit2.o)
    0x080001b0   0x00000000   Code   RO          679    .ARM.Collect$$libinit$$0000000E  c_w.l(libinit2.o)
    0x080001b0   0x00000000   Code   RO          682    .ARM.Collect$$libinit$$00000011  c_w.l(libinit2.o)
    0x080001b0   0x00000000   Code   RO          684    .ARM.Collect$$libinit$$00000013  c_w.l(libinit2.o)
    0x080001b0   0x00000000   Code   RO          686    .ARM.Collect$$libinit$$00000015  c_w.l(libinit2.o)
    0x080001b0   0x00000000   Code   RO          688    .ARM.Collect$$libinit$$00000017  c_w.l(libinit2.o)
    0x080001b0   0x00000000   Code   RO          690    .ARM.Collect$$libinit$$00000019  c_w.l(libinit2.o)
    0x080001b0   0x00000000   Code   RO          692    .ARM.Collect$$libinit$$0000001B  c_w.l(libinit2.o)
    0x080001b0   0x00000000   Code   RO          694    .ARM.Collect$$libinit$$0000001D  c_w.l(libinit2.o)
    0x080001b0   0x00000000   Code   RO          696    .ARM.Collect$$libinit$$0000001F  c_w.l(libinit2.o)
    0x080001b0   0x00000000   Code   RO          698    .ARM.Collect$$libinit$$00000021  c_w.l(libinit2.o)
    0x080001b0   0x00000000   Code   RO          700    .ARM.Collect$$libinit$$00000023  c_w.l(libinit2.o)
    0x080001b0   0x00000000   Code   RO          702    .ARM.Collect$$libinit$$00000025  c_w.l(libinit2.o)
    0x080001b0   0x00000000   Code   RO          706    .ARM.Collect$$libinit$$0000002C  c_w.l(libinit2.o)
    0x080001b0   0x00000000   Code   RO          708    .ARM.Collect$$libinit$$0000002E  c_w.l(libinit2.o)
    0x080001b0   0x00000000   Code   RO          710    .ARM.Collect$$libinit$$00000030  c_w.l(libinit2.o)
    0x080001b0   0x00000000   Code   RO          712    .ARM.Collect$$libinit$$00000032  c_w.l(libinit2.o)
    0x080001b0   0x00000002   Code   RO          713    .ARM.Collect$$libinit$$00000033  c_w.l(libinit2.o)
    0x080001b2   0x00000002   Code   RO          731    .ARM.Collect$$libshutdown$$00000000  c_w.l(libshutdown.o)
    0x080001b4   0x00000000   Code   RO          742    .ARM.Collect$$libshutdown$$00000003  c_w.l(libshutdown2.o)
    0x080001b4   0x00000000   Code   RO          745    .ARM.Collect$$libshutdown$$00000006  c_w.l(libshutdown2.o)
    0x080001b4   0x00000000   Code   RO          748    .ARM.Collect$$libshutdown$$00000009  c_w.l(libshutdown2.o)
    0x080001b4   0x00000000   Code   RO          750    .ARM.Collect$$libshutdown$$0000000B  c_w.l(libshutdown2.o)
    0x080001b4   0x00000000   Code   RO          753    .ARM.Collect$$libshutdown$$0000000E  c_w.l(libshutdown2.o)
    0x080001b4   0x00000002   Code   RO          754    .ARM.Collect$$libshutdown$$0000000F  c_w.l(libshutdown2.o)
    0x080001b6   0x00000000   Code   RO          621    .ARM.Collect$$rtentry$$00000000  c_w.l(__rtentry.o)
    0x080001b6   0x00000000   Code   RO          632    .ARM.Collect$$rtentry$$00000002  c_w.l(__rtentry2.o)
    0x080001b6   0x00000006   Code   RO          644    .ARM.Collect$$rtentry$$00000004  c_w.l(__rtentry4.o)
    0x080001bc   0x00000000   Code   RO          634    .ARM.Collect$$rtentry$$00000009  c_w.l(__rtentry2.o)
    0x080001bc   0x00000004   Code   RO          635    .ARM.Collect$$rtentry$$0000000A  c_w.l(__rtentry2.o)
    0x080001c0   0x00000000   Code   RO          637    .ARM.Collect$$rtentry$$0000000C  c_w.l(__rtentry2.o)
    0x080001c0   0x00000008   Code   RO          638    .ARM.Collect$$rtentry$$0000000D  c_w.l(__rtentry2.o)
    0x080001c8   0x00000002   Code   RO          667    .ARM.Collect$$rtexit$$00000000  c_w.l(rtexit.o)
    0x080001ca   0x00000000   Code   RO          715    .ARM.Collect$$rtexit$$00000002  c_w.l(rtexit2.o)
    0x080001ca   0x00000004   Code   RO          716    .ARM.Collect$$rtexit$$00000003  c_w.l(rtexit2.o)
    0x080001ce   0x00000006   Code   RO          717    .ARM.Collect$$rtexit$$00000004  c_w.l(rtexit2.o)
    0x080001d4   0x00000298   Code   RO            1    .text               main.o
    0x0800046c   0x0000001a   Code   RO          158    .text               stm32f10x_it.o
    0x08000486   0x00000002   PAD
    0x08000488   0x000001e0   Code   RO          199    .text               system_stm32f10x.o
    0x08000668   0x000000fc   Code   RO          217    .text               key.o
    0x08000764   0x0000043c   Code   RO          254    .text               status.o
    0x08000ba0   0x00000180   Code   RO          272    .text               hsj600.o
    0x08000d20   0x000001d0   Code   RO          298    .text               user_uart.o
    0x08000ef0   0x00000576   Code   RO          310    .text               lcd12232.o
    0x08001466   0x00000002   PAD
    0x08001468   0x00000074   Code   RO          322    .text               timer.o
    0x080014dc   0x00000480   Code   RO          334    .text               rtc.o
    0x0800195c   0x000004d4   Code   RO          354    .text               extiout.o
    0x08001e30   0x000000d4   Code   RO          372    .text               delay.o
    0x08001f04   0x000001fc   Code   RO          403    .text               usart.o
    0x08002100   0x00000040   Code   RO          439    .text               startup_stm32f10x_hd.o
    0x08002140   0x000000dc   Code   RO          443    .text               misc.o
    0x0800221c   0x0000035c   Code   RO          455    .text               stm32f10x_gpio.o
    0x08002578   0x000003a4   Code   RO          467    .text               stm32f10x_rcc.o
    0x0800291c   0x00000408   Code   RO          481    .text               stm32f10x_usart.o
    0x08002d24   0x0000011c   Code   RO          493    .text               stm32f10x_exti.o
    0x08002e40   0x00000e1a   Code   RO          529    .text               stm32f10x_tim.o
    0x08003c5a   0x00000002   PAD
    0x08003c5c   0x00000148   Code   RO          541    .text               stm32f10x_rtc.o
    0x08003da4   0x000000c4   Code   RO          553    .text               stm32f10x_bkp.o
    0x08003e68   0x000000cc   Code   RO          565    .text               stm32f10x_pwr.o
    0x08003f34   0x00000002   Code   RO          579    .text               c_w.l(use_no_semi_2.o)
    0x08003f36   0x00000002   PAD
    0x08003f38   0x00000018   Code   RO          583    .text               c_w.l(noretval__2printf.o)
    0x08003f50   0x00000068   Code   RO          585    .text               c_w.l(__printf.o)
    0x08003fb8   0x00000078   Code   RO          587    .text               c_w.l(_printf_dec.o)
    0x08004030   0x0000008a   Code   RO          611    .text               c_w.l(rt_memcpy_v6.o)
    0x080040ba   0x00000044   Code   RO          613    .text               c_w.l(rt_memclr.o)
    0x080040fe   0x00000006   Code   RO          615    .text               c_w.l(heapauxi.o)
    0x08004104   0x00000002   Code   RO          619    .text               c_w.l(use_no_semi.o)
    0x08004106   0x000000b2   Code   RO          622    .text               c_w.l(_printf_intcommon.o)
    0x080041b8   0x00000024   Code   RO          624    .text               c_w.l(_printf_char_file.o)
    0x080041dc   0x00000064   Code   RO          627    .text               c_w.l(rt_memcpy_w.o)
    0x08004240   0x0000004e   Code   RO          629    .text               c_w.l(rt_memclr_w.o)
    0x0800428e   0x00000002   PAD
    0x08004290   0x00000030   Code   RO          646    .text               c_w.l(_printf_char_common.o)
    0x080042c0   0x00000008   Code   RO          648    .text               c_w.l(ferror.o)
    0x080042c8   0x0000004a   Code   RO          652    .text               c_w.l(sys_stackheap_outer.o)
    0x08004312   0x0000000c   Code   RO          656    .text               c_w.l(exit.o)
    0x0800431e   0x00000002   PAD
    0x08004320   0x00000008   Code   RO          664    .text               c_w.l(libspace.o)
    0x08004328   0x00000018   Data   RO          336    .constdata          rtc.o
    0x08004340   0x00000020   Data   RO          786    Region$$Table       anon$$obj.o


    Execution Region RW_IRAM1 (Base: 0x20000000, Size: 0x000007f0, Max: 0x00005000, ABSOLUTE)

    Base Addr    Size         Type   Attr      Idx    E Section Name        Object

    0x20000000   0x00000014   Data   RW          200    .data               system_stm32f10x.o
    0x20000014   0x00000001   Data   RW          218    .data               key.o
    0x20000015   0x00000009   Data   RW          255    .data               status.o
    0x2000001e   0x0000001e   Data   RW          273    .data               hsj600.o
    0x2000003c   0x00000004   Data   RW          337    .data               rtc.o
    0x20000040   0x00000009   Data   RW          355    .data               extiout.o
    0x20000049   0x00000001   PAD
    0x2000004a   0x00000004   Data   RW          373    .data               delay.o
    0x2000004e   0x00000002   PAD
    0x20000050   0x00000022   Data   RW          405    .data               usart.o
    0x20000072   0x00000014   Data   RW          468    .data               stm32f10x_rcc.o
    0x20000086   0x00000002   PAD
    0x20000088   0x0000000a   Zero   RW          335    .bss                rtc.o
    0x20000092   0x000000fc   Zero   RW          404    .bss                usart.o
    0x2000018e   0x00000002   PAD
    0x20000190   0x00000060   Zero   RW          665    .bss                c_w.l(libspace.o)
    0x200001f0   0x00000200   Zero   RW          437    HEAP                startup_stm32f10x_hd.o
    0x200003f0   0x00000400   Zero   RW          436    STACK               startup_stm32f10x_hd.o


==============================================================================

Image component sizes


      Code (inc. data)   RO Data    RW Data    ZI Data      Debug   Object Name

       212         18          0          4          0        979   delay.o
      1236         16          0          9          0       3095   extiout.o
       384         26          0         30          0       2604   hsj600.o
       252         12          0          1          0        808   key.o
      1398         12          0          0          0       3491   lcd12232.o
       664         56          0          0          0     254839   main.o
       220         22          0          0          0       1761   misc.o
      1152         64         24          4         10       4196   rtc.o
        64         26        304          0       1536        780   startup_stm32f10x_hd.o
      1084        260          0          9          0       2826   status.o
       196          8          0          0          0       3420   stm32f10x_bkp.o
       284         10          0          0          0       2191   stm32f10x_exti.o
       860         38          0          0          0       5605   stm32f10x_gpio.o
        26          0          0          0          0       1158   stm32f10x_it.o
       204         14          0          0          0       1899   stm32f10x_pwr.o
       932         36          0         20          0       8752   stm32f10x_rcc.o
       328          4          0          0          0       2646   stm32f10x_rtc.o
      3610         88          0          0          0      22088   stm32f10x_tim.o
      1032         22          0          0          0       8328   stm32f10x_usart.o
         0          0          0          0          0         32   sys.o
       480         38          0         20          0       1679   system_stm32f10x.o
       116          4          0          0          0        744   timer.o
       508         42          0         34        252       4208   usart.o
       464         32          0          0          0       2245   user_uart.o

    ----------------------------------------------------------------------
     15712        848        360        136       1800     340374   Object Totals
         0          0         32          0          0          0   (incl. Generated)
         6          0          0          5          2          0   (incl. Padding)

    ----------------------------------------------------------------------

      Code (inc. data)   RO Data    RW Data    ZI Data      Debug   Library Member Name

         8          0          0          0          0         68   __main.o
       104          0          0          0          0         84   __printf.o
         0          0          0          0          0          0   __rtentry.o
        12          0          0          0          0          0   __rtentry2.o
         6          0          0          0          0          0   __rtentry4.o
        52          8          0          0          0          0   __scatter.o
        26          0          0          0          0          0   __scatter_copy.o
        28          0          0          0          0          0   __scatter_zi.o
        48          6          0          0          0         96   _printf_char_common.o
        36          4          0          0          0         80   _printf_char_file.o
         6          0          0          0          0          0   _printf_d.o
       120         16          0          0          0         92   _printf_dec.o
       178          0          0          0          0         88   _printf_intcommon.o
         0          0          0          0          0          0   _printf_percent.o
         4          0          0          0          0          0   _printf_percent_end.o
        12          0          0          0          0         72   exit.o
         8          0          0          0          0         68   ferror.o
         6          0          0          0          0        152   heapauxi.o
         2          0          0          0          0          0   libinit.o
         2          0          0          0          0          0   libinit2.o
         2          0          0          0          0          0   libshutdown.o
         2          0          0          0          0          0   libshutdown2.o
         8          4          0          0         96         68   libspace.o
        24          4          0          0          0         84   noretval__2printf.o
        68          0          0          0          0         68   rt_memclr.o
        78          0          0          0          0         80   rt_memclr_w.o
       138          0          0          0          0         68   rt_memcpy_v6.o
       100          0          0          0          0         80   rt_memcpy_w.o
         2          0          0          0          0          0   rtexit.o
        10          0          0          0          0          0   rtexit2.o
        74          0          0          0          0         80   sys_stackheap_outer.o
         2          0          0          0          0         68   use_no_semi.o
         2          0          0          0          0         68   use_no_semi_2.o

    ----------------------------------------------------------------------
      1176         42          0          0         96       1464   Library Totals
         8          0          0          0          0          0   (incl. Padding)

    ----------------------------------------------------------------------

      Code (inc. data)   RO Data    RW Data    ZI Data      Debug   Library Name

      1168         42          0          0         96       1464   c_w.l

    ----------------------------------------------------------------------
      1176         42          0          0         96       1464   Library Totals

    ----------------------------------------------------------------------

==============================================================================


      Code (inc. data)   RO Data    RW Data    ZI Data      Debug   

     16888        890        360        136       1896     338974   Grand Totals
     16888        890        360        136       1896     338974   ELF Image Totals
     16888        890        360        136          0          0   ROM Totals

==============================================================================

    Total RO  Size (Code + RO Data)                17248 (  16.84kB)
    Total RW  Size (RW Data + ZI Data)              2032 (   1.98kB)
    Total ROM Size (Code + RO Data + RW Data)      17384 (  16.98kB)

==============================================================================

